Archive member included to satisfy reference by file (symbol)

c:/program files (x86)/atollic/truestudio for stm32 9.0.1/armtools/bin/../lib/gcc/arm-atollic-eabi/6.3.1/../../../../arm-atollic-eabi/lib/armv7e-m/fpu\libc.a(lib_a-atof.o)
                              Src\functions.o (atof)
c:/program files (x86)/atollic/truestudio for stm32 9.0.1/armtools/bin/../lib/gcc/arm-atollic-eabi/6.3.1/../../../../arm-atollic-eabi/lib/armv7e-m/fpu\libc.a(lib_a-atoi.o)
                              Src\functions.o (atoi)
c:/program files (x86)/atollic/truestudio for stm32 9.0.1/armtools/bin/../lib/gcc/arm-atollic-eabi/6.3.1/../../../../arm-atollic-eabi/lib/armv7e-m/fpu\libc.a(lib_a-errno.o)
                              Src\syscalls.o (__errno)
c:/program files (x86)/atollic/truestudio for stm32 9.0.1/armtools/bin/../lib/gcc/arm-atollic-eabi/6.3.1/../../../../arm-atollic-eabi/lib/armv7e-m/fpu\libc.a(lib_a-impure.o)
                              c:/program files (x86)/atollic/truestudio for stm32 9.0.1/armtools/bin/../lib/gcc/arm-atollic-eabi/6.3.1/../../../../arm-atollic-eabi/lib/armv7e-m/fpu\libc.a(lib_a-errno.o) (_impure_ptr)
c:/program files (x86)/atollic/truestudio for stm32 9.0.1/armtools/bin/../lib/gcc/arm-atollic-eabi/6.3.1/../../../../arm-atollic-eabi/lib/armv7e-m/fpu\libc.a(lib_a-init.o)
                              startup\startup_stm32f334x8.o (__libc_init_array)
c:/program files (x86)/atollic/truestudio for stm32 9.0.1/armtools/bin/../lib/gcc/arm-atollic-eabi/6.3.1/../../../../arm-atollic-eabi/lib/armv7e-m/fpu\libc.a(lib_a-memcpy-stub.o)
                              Src\functions.o (memcpy)
c:/program files (x86)/atollic/truestudio for stm32 9.0.1/armtools/bin/../lib/gcc/arm-atollic-eabi/6.3.1/../../../../arm-atollic-eabi/lib/armv7e-m/fpu\libc.a(lib_a-memset.o)
                              Src\bme280.o (memset)
c:/program files (x86)/atollic/truestudio for stm32 9.0.1/armtools/bin/../lib/gcc/arm-atollic-eabi/6.3.1/../../../../arm-atollic-eabi/lib/armv7e-m/fpu\libc.a(lib_a-snprintf.o)
                              Src\functions.o (snprintf)
c:/program files (x86)/atollic/truestudio for stm32 9.0.1/armtools/bin/../lib/gcc/arm-atollic-eabi/6.3.1/../../../../arm-atollic-eabi/lib/armv7e-m/fpu\libc.a(lib_a-strchr.o)
                              Src\functions.o (strchr)
c:/program files (x86)/atollic/truestudio for stm32 9.0.1/armtools/bin/../lib/gcc/arm-atollic-eabi/6.3.1/../../../../arm-atollic-eabi/lib/armv7e-m/fpu\libc.a(lib_a-strlen.o)
                              Src\functions.o (strlen)
c:/program files (x86)/atollic/truestudio for stm32 9.0.1/armtools/bin/../lib/gcc/arm-atollic-eabi/6.3.1/../../../../arm-atollic-eabi/lib/armv7e-m/fpu\libc.a(lib_a-strncmp.o)
                              Src\functions.o (strncmp)
c:/program files (x86)/atollic/truestudio for stm32 9.0.1/armtools/bin/../lib/gcc/arm-atollic-eabi/6.3.1/../../../../arm-atollic-eabi/lib/armv7e-m/fpu\libc.a(lib_a-strtod.o)
                              c:/program files (x86)/atollic/truestudio for stm32 9.0.1/armtools/bin/../lib/gcc/arm-atollic-eabi/6.3.1/../../../../arm-atollic-eabi/lib/armv7e-m/fpu\libc.a(lib_a-atof.o) (strtod)
c:/program files (x86)/atollic/truestudio for stm32 9.0.1/armtools/bin/../lib/gcc/arm-atollic-eabi/6.3.1/../../../../arm-atollic-eabi/lib/armv7e-m/fpu\libc.a(lib_a-strtol.o)
                              c:/program files (x86)/atollic/truestudio for stm32 9.0.1/armtools/bin/../lib/gcc/arm-atollic-eabi/6.3.1/../../../../arm-atollic-eabi/lib/armv7e-m/fpu\libc.a(lib_a-atoi.o) (_strtol_r)
c:/program files (x86)/atollic/truestudio for stm32 9.0.1/armtools/bin/../lib/gcc/arm-atollic-eabi/6.3.1/../../../../arm-atollic-eabi/lib/armv7e-m/fpu\libc.a(lib_a-svfprintf.o)
                              c:/program files (x86)/atollic/truestudio for stm32 9.0.1/armtools/bin/../lib/gcc/arm-atollic-eabi/6.3.1/../../../../arm-atollic-eabi/lib/armv7e-m/fpu\libc.a(lib_a-snprintf.o) (_svfprintf_r)
c:/program files (x86)/atollic/truestudio for stm32 9.0.1/armtools/bin/../lib/gcc/arm-atollic-eabi/6.3.1/../../../../arm-atollic-eabi/lib/armv7e-m/fpu\libc.a(lib_a-dtoa.o)
                              c:/program files (x86)/atollic/truestudio for stm32 9.0.1/armtools/bin/../lib/gcc/arm-atollic-eabi/6.3.1/../../../../arm-atollic-eabi/lib/armv7e-m/fpu\libc.a(lib_a-svfprintf.o) (_dtoa_r)
c:/program files (x86)/atollic/truestudio for stm32 9.0.1/armtools/bin/../lib/gcc/arm-atollic-eabi/6.3.1/../../../../arm-atollic-eabi/lib/armv7e-m/fpu\libc.a(lib_a-gdtoa-gethex.o)
                              c:/program files (x86)/atollic/truestudio for stm32 9.0.1/armtools/bin/../lib/gcc/arm-atollic-eabi/6.3.1/../../../../arm-atollic-eabi/lib/armv7e-m/fpu\libc.a(lib_a-strtod.o) (__gethex)
c:/program files (x86)/atollic/truestudio for stm32 9.0.1/armtools/bin/../lib/gcc/arm-atollic-eabi/6.3.1/../../../../arm-atollic-eabi/lib/armv7e-m/fpu\libc.a(lib_a-gdtoa-hexnan.o)
[...]
Memory Configuration

Name             Origin             Length             Attributes
RAM              0x20000000         0x00003000         xrw
CCMRAM           0x10000000         0x00001000         rw
FLASH            0x08000000         0x00010000         xr
*default*        0x00000000         0xffffffff

Linker script and memory map

LOAD c:/program files (x86)/atollic/truestudio for stm32 9.0.1/armtools/bin/../lib/gcc/arm-atollic-eabi/6.3.1/armv7e-m/fpu/crti.o
LOAD c:/program files (x86)/atollic/truestudio for stm32 9.0.1/armtools/bin/../lib/gcc/arm-atollic-eabi/6.3.1/armv7e-m/fpu/crtbegin.o
LOAD Drivers\STM32F3xx_HAL_Driver\Src\stm32f3xx_hal.o
LOAD Drivers\STM32F3xx_HAL_Driver\Src\stm32f3xx_hal_adc.o
LOAD Drivers\STM32F3xx_HAL_Driver\Src\stm32f3xx_hal_adc_ex.o
LOAD Drivers\STM32F3xx_HAL_Driver\Src\stm32f3xx_hal_cortex.o
LOAD Drivers\STM32F3xx_HAL_Driver\Src\stm32f3xx_hal_dma.o
LOAD Drivers\STM32F3xx_HAL_Driver\Src\stm32f3xx_hal_flash.o
LOAD Drivers\STM32F3xx_HAL_Driver\Src\stm32f3xx_hal_flash_ex.o
LOAD Drivers\STM32F3xx_HAL_Driver\Src\stm32f3xx_hal_gpio.o
LOAD Drivers\STM32F3xx_HAL_Driver\Src\stm32f3xx_hal_i2c.o
LOAD Drivers\STM32F3xx_HAL_Driver\Src\stm32f3xx_hal_i2c_ex.o
LOAD Drivers\STM32F3xx_HAL_Driver\Src\stm32f3xx_hal_pwr.o
LOAD Drivers\STM32F3xx_HAL_Driver\Src\stm32f3xx_hal_pwr_ex.o
LOAD Drivers\STM32F3xx_HAL_Driver\Src\stm32f3xx_hal_rcc.o
LOAD Drivers\STM32F3xx_HAL_Driver\Src\stm32f3xx_hal_rcc_ex.o
LOAD Drivers\STM32F3xx_HAL_Driver\Src\stm32f3xx_hal_tim.o
LOAD Drivers\STM32F3xx_HAL_Driver\Src\stm32f3xx_hal_tim_ex.o
LOAD Drivers\STM32F3xx_HAL_Driver\Src\stm32f3xx_hal_uart.o
LOAD Drivers\STM32F3xx_HAL_Driver\Src\stm32f3xx_hal_uart_ex.o
LOAD Src\bme280.o
LOAD Src\functions.o
LOAD Src\lis2dh12_reg.o
LOAD Src\main.o
LOAD Src\stm32f3xx_hal_msp.o
LOAD Src\stm32f3xx_it.o
LOAD Src\syscalls.o
LOAD Src\system_stm32f3xx.o
LOAD Src\variables.o
LOAD startup\startup_stm32f334x8.o
                0x00000080                malloc_getpagesize_P = 0x80
START GROUP
LOAD c:/program files (x86)/atollic/truestudio for stm32 9.0.1/armtools/bin/../lib/gcc/arm-atollic-eabi/6.3.1/../../../../arm-atollic-eabi/lib/armv7e-m/fpu\libc.a
LOAD c:/program files (x86)/atollic/truestudio for stm32 9.0.1/armtools/bin/../lib/gcc/arm-atollic-eabi/6.3.1/../../../../arm-atollic-eabi/lib/armv7e-m/fpu\libm.a
END GROUP
START GROUP
LOAD c:/program files (x86)/atollic/truestudio for stm32 9.0.1/armtools/bin/../lib/gcc/arm-atollic-eabi/6.3.1/armv7e-m/fpu\libgcc.a
LOAD c:/program files (x86)/atollic/truestudio for stm32 9.0.1/armtools/bin/../lib/gcc/arm-atollic-eabi/6.3.1/../../../../arm-atollic-eabi/lib/armv7e-m/fpu\libc.a
END GROUP
START GROUP
LOAD c:/program files (x86)/atollic/truestudio for stm32 9.0.1/armtools/bin/../lib/gcc/arm-atollic-eabi/6.3.1/armv7e-m/fpu\libgcc.a
LOAD c:/program files (x86)/atollic/truestudio for stm32 9.0.1/armtools/bin/../lib/gcc/arm-atollic-eabi/6.3.1/../../../../arm-atollic-eabi/lib/armv7e-m/fpu\libc.a
LOAD c:/program files (x86)/atollic/truestudio for stm32 9.0.1/armtools/bin/../lib/gcc/arm-atollic-eabi/6.3.1/../../../../arm-atollic-eabi/lib/armv7e-m/fpu\libnosys.a
END GROUP
LOAD c:/program files (x86)/atollic/truestudio for stm32 9.0.1/armtools/bin/../lib/gcc/arm-atollic-eabi/6.3.1/armv7e-m/fpu/crtend.o
LOAD c:/program files (x86)/atollic/truestudio for stm32 9.0.1/armtools/bin/../lib/gcc/arm-atollic-eabi/6.3.1/armv7e-m/fpu/crtn.o
                0x20003000                _estack = 0x20003000
                0x00000200                _Min_Heap_Size = 0x200
                0x00000400                _Min_Stack_Size = 0x400

.isr_vector     0x08000000      0x188
                0x08000000                . = ALIGN (0x4)
 *(.isr_vector)
 .isr_vector    0x08000000      0x188 startup\startup_stm32f334x8.o
                0x08000000                g_pfnVectors
                0x08000188                . = ALIGN (0x4)

.text           0x08000190     0x99b8
                0x08000190                . = ALIGN (0x4)
 *(.text)
 .text          0x08000190       0x40 c:/program files (x86)/atollic/truestudio for stm32 9.0.1/armtools/bin/../lib/gcc/arm-atollic-eabi/6.3.1/armv7e-m/fpu/crtbegin.o
 .text          0x080001d0       0x10 c:/program files (x86)/atollic/truestudio for stm32 9.0.1/armtools/bin/../lib/gcc/arm-atollic-eabi/6.3.1/../../../../arm-atollic-eabi/lib/armv7e-m/fpu\libc.a(lib_a-strlen.o)
                0x080001d0                strlen
 .text          0x080001e0       0xa0 c:/program files (x86)/atollic/truestudio for stm32 9.0.1/armtools/bin/../lib/gcc/arm-atollic-eabi/6.3.1/../../../../arm-atollic-eabi/lib/armv7e-m/fpu\libc.a(lib_a-memchr.o)
                0x080001e0                memchr
 .text          0x08000280      0x370 c:/program files (x86)/atollic/truestudio for stm32 9.0.1/armtools/bin/../lib/gcc/arm-atollic-eabi/6.3.1/armv7e-m/fpu\libgcc.a(_arm_addsubdf3.o)
                0x08000280                __aeabi_drsub
                0x08000288                __aeabi_dsub
                0x08000288                __subdf3
                0x0800028c                __aeabi_dadd
                0x0800028c                __adddf3
                0x08000504                __floatunsidf
                0x08000504                __aeabi_ui2d
                0x08000524                __floatsidf
                0x08000524                __aeabi_i2d
                0x08000548                __aeabi_f2d
                0x08000548                __extendsfdf2
                0x08000584                __floatundidf
                0x08000584                __aeabi_ul2d
                0x08000594                __floatdidf
                0x08000594                __aeabi_l2d
 .text          0x080005f0      0x424 c:/program files (x86)/atollic/truestudio for stm32 9.0.1/armtools/bin/../lib/gcc/arm-atollic-eabi/6.3.1/armv7e-m/fpu\libgcc.a(_arm_muldivdf3.o)
                0x080005f0                __aeabi_dmul
                0x080005f0                __muldf3
                0x08000844                __divdf3
                0x08000844                __aeabi_ddiv
 .text          0x08000a14      0x110 c:/program files (x86)/atollic/truestudio for stm32 9.0.1/armtools/bin/../lib/gcc/arm-atollic-eabi/6.3.1/armv7e-m/fpu\libgcc.a(_arm_cmpdf2.o)
                0x08000a14                __gtdf2
                0x08000a14                __gedf2
                0x08000a1c                __ltdf2
                0x08000a1c                __ledf2
                0x08000a24                __nedf2
                0x08000a24                __eqdf2
                0x08000a24                __cmpdf2
                0x08000aa0                __aeabi_cdrcmple
                0x08000ab0                __aeabi_cdcmpeq
                0x08000ab0                __aeabi_cdcmple
                0x08000ac0                __aeabi_dcmpeq
                0x08000ad4                __aeabi_dcmplt
                0x08000ae8                __aeabi_dcmple
                0x08000afc                __aeabi_dcmpge
                0x08000b10                __aeabi_dcmpgt
 .text          0x08000b24       0x2c c:/program files (x86)/atollic/truestudio for stm32 9.0.1/armtools/bin/../lib/gcc/arm-atollic-eabi/6.3.1/armv7e-m/fpu\libgcc.a(_arm_unorddf2.o)
                0x08000b24                __unorddf2
                0x08000b24                __aeabi_dcmpun
 .text          0x08000b50       0x50 c:/program files (x86)/atollic/truestudio for stm32 9.0.1/armtools/bin/../lib/gcc/arm-atollic-eabi/6.3.1/armv7e-m/fpu\libgcc.a(_arm_fixdfsi.o)
                0x08000b50                __aeabi_d2iz
                0x08000b50                __fixdfsi
 .text          0x08000ba0       0x40 c:/program files (x86)/atollic/truestudio for stm32 9.0.1/armtools/bin/../lib/gcc/arm-atollic-eabi/6.3.1/armv7e-m/fpu\libgcc.a(_arm_fixunsdfsi.o)
                0x08000ba0                __aeabi_d2uiz
                0x08000ba0                __fixunsdfsi
 .text          0x08000be0       0xa0 c:/program files (x86)/atollic/truestudio for stm32 9.0.1/armtools/bin/../lib/gcc/arm-atollic-eabi/6.3.1/armv7e-m/fpu\libgcc.a(_arm_truncdfsf2.o)
                0x08000be0                __truncdfsf2
                0x08000be0                __aeabi_d2f
 .text          0x08000c80       0x30 c:/program files (x86)/atollic/truestudio for stm32 9.0.1/armtools/bin/../lib/gcc/arm-atollic-eabi/6.3.1/armv7e-m/fpu\libgcc.a(_aeabi_uldivmod.o)
                0x08000c80                __aeabi_uldivmod
 .text          0x08000cb0      0x2dc c:/program files (x86)/atollic/truestudio for stm32 9.0.1/armtools/bin/../lib/gcc/arm-atollic-eabi/6.3.1/armv7e-m/fpu\libgcc.a(_udivmoddi4.o)
                0x08000cb0                __udivmoddi4
 .text          0x08000f8c        0x4 c:/program files (x86)/atollic/truestudio for stm32 9.0.1/armtools/bin/../lib/gcc/arm-atollic-eabi/6.3.1/armv7e-m/fpu\libgcc.a(_dvmd_tls.o)
                0x08000f8c                __aeabi_idiv0
                0x08000f8c                __aeabi_ldiv0
 *(.text*)
 .text.HAL_InitTick
                0x08000f90       0x48 Drivers\STM32F3xx_HAL_Driver\Src\stm32f3xx_hal.o
                0x08000f90                HAL_InitTick
 .text.HAL_Init
                0x08000fd8       0x24 Drivers\STM32F3xx_HAL_Driver\Src\stm32f3xx_hal.o
                0x08000fd8                HAL_Init
 .text.HAL_IncTick
                0x08000ffc       0x18 Drivers\STM32F3xx_HAL_Driver\Src\stm32f3xx_hal.o
                0x08000ffc                HAL_IncTick
 .text.HAL_GetTick
                0x08001014        0xc Drivers\STM32F3xx_HAL_Driver\Src\stm32f3xx_hal.o
                0x08001014                HAL_GetTick
 .text.HAL_Delay
                0x08001020       0x28 Drivers\STM32F3xx_HAL_Driver\Src\stm32f3xx_hal.o
                0x08001020                HAL_Delay
 .text.ADC_Disable
                0x08001048       0x6e Drivers\STM32F3xx_HAL_Driver\Src\stm32f3xx_hal_adc_ex.o
 *fill*         0x080010b6        0x2 
 .text.ADC_Enable
                0x080010b8       0x5c Drivers\STM32F3xx_HAL_Driver\Src\stm32f3xx_hal_adc_ex.o
 .text.HAL_ADC_Init
                0x08001114      0x1f0 Drivers\STM32F3xx_HAL_Driver\Src\stm32f3xx_hal_adc_ex.o
                0x08001114                HAL_ADC_Init
 .text.HAL_ADC_Start
                0x08001304       0xcc Drivers\STM32F3xx_HAL_Driver\Src\stm32f3xx_hal_adc_ex.o
                0x08001304                HAL_ADC_Start
 .text.HAL_ADC_PollForConversion
                0x080013d0       0xf0 Drivers\STM32F3xx_HAL_Driver\Src\stm32f3xx_hal_adc_ex.o
                0x080013d0                HAL_ADC_PollForConversion
 .text.HAL_ADC_GetValue
                0x080014c0        0x6 Drivers\STM32F3xx_HAL_Driver\Src\stm32f3xx_hal_adc_ex.o
                0x080014c0                HAL_ADC_GetValue
 *fill*         0x080014c6        0x2 
 .text.HAL_ADC_ConfigChannel
                0x080014c8      0x300 Drivers\STM32F3xx_HAL_Driver\Src\stm32f3xx_hal_adc_ex.o
                0x080014c8                HAL_ADC_ConfigChannel
 .text.HAL_ADCEx_MultiModeConfigChannel
                0x080017c8       0xe8 Drivers\STM32F3xx_HAL_Driver\Src\stm32f3xx_hal_adc_ex.o
                0x080017c8                HAL_ADCEx_MultiModeConfigChannel
 .text.HAL_NVIC_SetPriorityGrouping
                0x080018b0       0x24 Drivers\STM32F3xx_HAL_Driver\Src\stm32f3xx_hal_cortex.o
                0x080018b0                HAL_NVIC_SetPriorityGrouping
 .text.HAL_NVIC_SetPriority
                0x080018d4       0x68 Drivers\STM32F3xx_HAL_Driver\Src\stm32f3xx_hal_cortex.o
                0x080018d4                HAL_NVIC_SetPriority
 .text.HAL_NVIC_EnableIRQ
                0x0800193c       0x18 Drivers\STM32F3xx_HAL_Driver\Src\stm32f3xx_hal_cortex.o
                0x0800193c                HAL_NVIC_EnableIRQ
 .text.HAL_SYSTICK_Config
                0x08001954       0x2c Drivers\STM32F3xx_HAL_Driver\Src\stm32f3xx_hal_cortex.o
                0x08001954                HAL_SYSTICK_Config
 .text.HAL_DMA_Abort_IT
                0x08001980       0x48 Drivers\STM32F3xx_HAL_Driver\Src\stm32f3xx_hal_dma.o
                0x08001980                HAL_DMA_Abort_IT
 .text.HAL_GPIO_Init
                0x080019c8      0x174 Drivers\STM32F3xx_HAL_Driver\Src\stm32f3xx_hal_gpio.o
                0x080019c8                HAL_GPIO_Init
 .text.HAL_GPIO_WritePin
                0x08001b3c        0xa Drivers\STM32F3xx_HAL_Driver\Src\stm32f3xx_hal_gpio.o
                0x08001b3c                HAL_GPIO_WritePin
 .text.I2C_Flush_TXDR
                0x08001b46       0x1c Drivers\STM32F3xx_HAL_Driver\Src\stm32f3xx_hal_i2c.o
 .text.I2C_TransferConfig
                0x08001b62       0x34 Drivers\STM32F3xx_HAL_Driver\Src\stm32f3xx_hal_i2c.o
 .text.I2C_WaitOnFlagUntilTimeout
                0x08001b96       0x4e Drivers\STM32F3xx_HAL_Driver\Src\stm32f3xx_hal_i2c.o
 .text.I2C_IsAcknowledgeFailed
                0x08001be4       0x7a Drivers\STM32F3xx_HAL_Driver\Src\stm32f3xx_hal_i2c.o
 .text.I2C_WaitOnTXISFlagUntilTimeout
                0x08001c5e       0x52 Drivers\STM32F3xx_HAL_Driver\Src\stm32f3xx_hal_i2c.o
 .text.I2C_RequestMemoryWrite
                0x08001cb0       0x6c Drivers\STM32F3xx_HAL_Driver\Src\stm32f3xx_hal_i2c.o
 .text.I2C_RequestMemoryRead
                0x08001d1c       0x68 Drivers\STM32F3xx_HAL_Driver\Src\stm32f3xx_hal_i2c.o
 .text.I2C_WaitOnSTOPFlagUntilTimeout
                0x08001d84       0x4e Drivers\STM32F3xx_HAL_Driver\Src\stm32f3xx_hal_i2c.o
 .text.HAL_I2C_Init
                0x08001dd2       0xa2 Drivers\STM32F3xx_HAL_Driver\Src\stm32f3xx_hal_i2c.o
                0x08001dd2                HAL_I2C_Init
 .text.HAL_I2C_Mem_Write
                0x08001e74      0x170 Drivers\STM32F3xx_HAL_Driver\Src\stm32f3xx_hal_i2c.o
                0x08001e74                HAL_I2C_Mem_Write
 .text.HAL_I2C_Mem_Read
                0x08001fe4      0x17c Drivers\STM32F3xx_HAL_Driver\Src\stm32f3xx_hal_i2c.o
                0x08001fe4                HAL_I2C_Mem_Read
 .text.HAL_I2CEx_ConfigAnalogFilter
                0x08002160       0x4c Drivers\STM32F3xx_HAL_Driver\Src\stm32f3xx_hal_i2c_ex.o
                0x08002160                HAL_I2CEx_ConfigAnalogFilter
 .text.HAL_I2CEx_ConfigDigitalFilter
                0x080021ac       0x4a Drivers\STM32F3xx_HAL_Driver\Src\stm32f3xx_hal_i2c_ex.o
                0x080021ac                HAL_I2CEx_ConfigDigitalFilter
 *fill*         0x080021f6        0x2 
 .text.HAL_RCC_OscConfig
                0x080021f8      0x4ec Drivers\STM32F3xx_HAL_Driver\Src\stm32f3xx_hal_rcc.o
                0x080021f8                HAL_RCC_OscConfig
 .text.HAL_RCC_GetSysClockFreq
                0x080026e4       0x64 Drivers\STM32F3xx_HAL_Driver\Src\stm32f3xx_hal_rcc.o
                0x080026e4                HAL_RCC_GetSysClockFreq
 .text.HAL_RCC_ClockConfig
                0x08002748      0x154 Drivers\STM32F3xx_HAL_Driver\Src\stm32f3xx_hal_rcc.o
                0x08002748                HAL_RCC_ClockConfig
 .text.HAL_RCC_GetPCLK1Freq
                0x0800289c       0x30 Drivers\STM32F3xx_HAL_Driver\Src\stm32f3xx_hal_rcc.o
                0x0800289c                HAL_RCC_GetPCLK1Freq
 .text.HAL_RCC_GetPCLK2Freq
                0x080028cc       0x30 Drivers\STM32F3xx_HAL_Driver\Src\stm32f3xx_hal_rcc.o
                0x080028cc                HAL_RCC_GetPCLK2Freq
 .text.HAL_RCCEx_PeriphCLKConfig
                0x080028fc      0x170 Drivers\STM32F3xx_HAL_Driver\Src\stm32f3xx_hal_rcc_ex.o
                0x080028fc                HAL_RCCEx_PeriphCLKConfig
 .text.HAL_TIM_PeriodElapsedCallback
                0x08002a6c        0x2 Drivers\STM32F3xx_HAL_Driver\Src\stm32f3xx_hal_tim.o
                0x08002a6c                HAL_TIM_PeriodElapsedCallback
 .text.HAL_TIM_OC_DelayElapsedCallback
                0x08002a6e        0x2 Drivers\STM32F3xx_HAL_Driver\Src\stm32f3xx_hal_tim.o
                0x08002a6e                HAL_TIM_OC_DelayElapsedCallback
 .text.HAL_TIM_IC_CaptureCallback
                0x08002a70        0x2 Drivers\STM32F3xx_HAL_Driver\Src\stm32f3xx_hal_tim.o
                0x08002a70                HAL_TIM_IC_CaptureCallback
 .text.HAL_TIM_PWM_PulseFinishedCallback
                0x08002a72        0x2 Drivers\STM32F3xx_HAL_Driver\Src\stm32f3xx_hal_tim.o
                0x08002a72                HAL_TIM_PWM_PulseFinishedCallback
 .text.HAL_TIM_TriggerCallback
                0x08002a74        0x2 Drivers\STM32F3xx_HAL_Driver\Src\stm32f3xx_hal_tim.o
                0x08002a74                HAL_TIM_TriggerCallback
 .text.HAL_TIM_IRQHandler
                0x08002a76      0x160 Drivers\STM32F3xx_HAL_Driver\Src\stm32f3xx_hal_tim.o
                0x08002a76                HAL_TIM_IRQHandler
 *fill*         0x08002bd6        0x2 
 .text.TIM_Base_SetConfig
                0x08002bd8       0x94 Drivers\STM32F3xx_HAL_Driver\Src\stm32f3xx_hal_tim.o
                0x08002bd8                TIM_Base_SetConfig
 .text.HAL_TIM_Base_Init
                0x08002c6c       0x34 Drivers\STM32F3xx_HAL_Driver\Src\stm32f3xx_hal_tim.o
                0x08002c6c                HAL_TIM_Base_Init
 .text.TIM_ETR_SetConfig
                0x08002ca0       0x14 Drivers\STM32F3xx_HAL_Driver\Src\stm32f3xx_hal_tim.o
                0x08002ca0                TIM_ETR_SetConfig
 .text.HAL_TIM_ConfigClockSource
                0x08002cb4      0x16c Drivers\STM32F3xx_HAL_Driver\Src\stm32f3xx_hal_tim.o
                0x08002cb4                HAL_TIM_ConfigClockSource
 .text.HAL_TIMEx_MasterConfigSynchronization
                0x08002e20       0x44 Drivers\STM32F3xx_HAL_Driver\Src\stm32f3xx_hal_tim_ex.o
                0x08002e20                HAL_TIMEx_MasterConfigSynchronization
 .text.HAL_TIMEx_CommutationCallback
                0x08002e64        0x2 Drivers\STM32F3xx_HAL_Driver\Src\stm32f3xx_hal_tim_ex.o
                0x08002e64                HAL_TIMEx_CommutationCallback
 .text.HAL_TIMEx_BreakCallback
                0x08002e66        0x2 Drivers\STM32F3xx_HAL_Driver\Src\stm32f3xx_hal_tim_ex.o
                0x08002e66                HAL_TIMEx_BreakCallback
 .text.HAL_TIMEx_Break2Callback
                0x08002e68        0x2 Drivers\STM32F3xx_HAL_Driver\Src\stm32f3xx_hal_tim_ex.o
                0x08002e68                HAL_TIMEx_Break2Callback
 .text.UART_EndRxTransfer
                0x08002e6a       0x1a Drivers\STM32F3xx_HAL_Driver\Src\stm32f3xx_hal_uart.o
 .text.HAL_UART_Receive_IT
                0x08002e84       0x88 Drivers\STM32F3xx_HAL_Driver\Src\stm32f3xx_hal_uart.o
                0x08002e84                HAL_UART_Receive_IT
 .text.HAL_UART_TxCpltCallback
                0x08002f0c        0x2 Drivers\STM32F3xx_HAL_Driver\Src\stm32f3xx_hal_uart.o
                0x08002f0c                HAL_UART_TxCpltCallback
 .text.HAL_UART_RxCpltCallback
                0x08002f0e        0x2 Drivers\STM32F3xx_HAL_Driver\Src\stm32f3xx_hal_uart.o
                0x08002f0e                HAL_UART_RxCpltCallback
 .text.HAL_UART_ErrorCallback
                0x08002f10        0x2 Drivers\STM32F3xx_HAL_Driver\Src\stm32f3xx_hal_uart.o
                0x08002f10                HAL_UART_ErrorCallback
 .text.UART_DMAAbortOnError
                0x08002f12       0x14 Drivers\STM32F3xx_HAL_Driver\Src\stm32f3xx_hal_uart.o
 *fill*         0x08002f26        0x2 
 .text.UART_SetConfig
                0x08002f28      0x14c Drivers\STM32F3xx_HAL_Driver\Src\stm32f3xx_hal_uart.o
                0x08002f28                UART_SetConfig
 .text.UART_AdvFeatureConfig
                0x08003074       0xa8 Drivers\STM32F3xx_HAL_Driver\Src\stm32f3xx_hal_uart.o
                0x08003074                UART_AdvFeatureConfig
 .text.UART_WaitOnFlagUntilTimeout
                0x0800311c       0x62 Drivers\STM32F3xx_HAL_Driver\Src\stm32f3xx_hal_uart.o
                0x0800311c                UART_WaitOnFlagUntilTimeout
 .text.HAL_UART_Transmit
                0x0800317e       0xb2 Drivers\STM32F3xx_HAL_Driver\Src\stm32f3xx_hal_uart.o
                0x0800317e                HAL_UART_Transmit
 .text.UART_CheckIdleState
                0x08003230       0x64 Drivers\STM32F3xx_HAL_Driver\Src\stm32f3xx_hal_uart.o
                0x08003230                UART_CheckIdleState
 .text.HAL_UART_Init
                0x08003294       0x64 Drivers\STM32F3xx_HAL_Driver\Src\stm32f3xx_hal_uart.o
                0x08003294                HAL_UART_Init
 .text.UART_Transmit_IT
                0x080032f8       0x5c Drivers\STM32F3xx_HAL_Driver\Src\stm32f3xx_hal_uart.o
                0x080032f8                UART_Transmit_IT
 .text.UART_EndTransmit_IT
                0x08003354       0x1a Drivers\STM32F3xx_HAL_Driver\Src\stm32f3xx_hal_uart.o
                0x08003354                UART_EndTransmit_IT
 .text.UART_Receive_IT
                0x0800336e       0x6c Drivers\STM32F3xx_HAL_Driver\Src\stm32f3xx_hal_uart.o
                0x0800336e                UART_Receive_IT
 *fill*         0x080033da        0x2 
 .text.HAL_UART_IRQHandler
                0x080033dc      0x12c Drivers\STM32F3xx_HAL_Driver\Src\stm32f3xx_hal_uart.o
                0x080033dc                HAL_UART_IRQHandler
 .text.HAL_UARTEx_WakeupCallback
                0x08003508        0x2 Drivers\STM32F3xx_HAL_Driver\Src\stm32f3xx_hal_uart_ex.o
                0x08003508                HAL_UARTEx_WakeupCallback
 .text.null_ptr_check
                0x0800350a       0x1c Src\bme280.o
 .text.bme280_get_regs
                0x08003526       0x2e Src\bme280.o
                0x08003526                bme280_get_regs
 .text.bme280_set_regs
                0x08003554       0x94 Src\bme280.o
                0x08003554                bme280_set_regs
 .text.set_osr_humidity_settings.isra.8
                0x080035e8       0x4a Src\bme280.o
 .text.set_osr_press_temp_settings
                0x08003632       0x60 Src\bme280.o
 .text.set_filter_standby_settings
                0x08003692       0x60 Src\bme280.o
 .text.bme280_get_sensor_mode
                0x080036f2       0x22 Src\bme280.o
                0x080036f2                bme280_get_sensor_mode
 .text.bme280_soft_reset
                0x08003714       0x36 Src\bme280.o
                0x08003714                bme280_soft_reset
 .text.bme280_init
                0x0800374a      0x172 Src\bme280.o
                0x0800374a                bme280_init
 .text.put_device_to_sleep
                0x080038bc       0x70 Src\bme280.o
 .text.bme280_set_sensor_settings
                0x0800392c       0x76 Src\bme280.o
                0x0800392c                bme280_set_sensor_settings
 .text.bme280_set_sensor_mode
                0x080039a2       0x64 Src\bme280.o
                0x080039a2                bme280_set_sensor_mode
 .text.bme280_parse_sensor_data
                0x08003a06       0x30 Src\bme280.o
                0x08003a06                bme280_parse_sensor_data
 *fill*         0x08003a36        0x2 
 .text.bme280_compensate_data
                0x08003a38      0x1fc Src\bme280.o
                0x08003a38                bme280_compensate_data
 .text.bme280_get_sensor_data
                0x08003c34       0x4e Src\bme280.o
                0x08003c34                bme280_get_sensor_data
 .text.user_delay_ms
                0x08003c82        0x4 Src\functions.o
                0x08003c82                user_delay_ms
 *fill*         0x08003c86        0x2 
 .text.user_i2c_read
                0x08003c88       0x24 Src\functions.o
                0x08003c88                user_i2c_read
 .text.platform_read
                0x08003cac       0x1c Src\functions.o
                0x08003cac                platform_read
 .text.user_i2c_write
                0x08003cc8       0x24 Src\functions.o
                0x08003cc8                user_i2c_write
 .text.platform_write
                0x08003cec       0x1c Src\functions.o
                0x08003cec                platform_write
 .text.uart_transmit
                0x08003d08       0xfc Src\functions.o
                0x08003d08                uart_transmit
 *fill*         0x08003e04        0x4 
 .text.check_burn
                0x08003e08       0x88 Src\functions.o
                0x08003e08                check_burn
 .text.burn_down
                0x08003e90       0x60 Src\functions.o
                0x08003e90                burn_down
 .text.checksum_generator
                0x08003ef0       0x18 Src\functions.o
                0x08003ef0                checksum_generator
 .text.uart_receive
                0x08003f08      0x404 Src\functions.o
                0x08003f08                uart_receive
 *fill*         0x0800430c        0x4 
 .text.read_adc
                0x08004310       0xe8 Src\functions.o
                0x08004310                read_adc
 .text.calc_avg
                0x080043f8       0xdc Src\functions.o
                0x080043f8                calc_avg
 .text.lcd_write
                0x080044d4       0x70 Src\functions.o
                0x080044d4                lcd_write
 .text.init_lcd
                0x08004544      0x11c Src\functions.o
                0x08004544                init_lcd
 .text.lcd_clear
                0x08004660       0x30 Src\functions.o
                0x08004660                lcd_clear
 .text.increment_address
                0x08004690       0x30 Src\functions.o
                0x08004690                increment_address
 .text.lcd_print_char
                0x080046c0      0x1c0 Src\functions.o
                0x080046c0                lcd_print_char
 .text.lcd_process_state
                0x08004880      0x180 Src\functions.o
                0x08004880                lcd_process_state
 .text.lcd_run_process
                0x08004a00       0x68 Src\functions.o
                0x08004a00                lcd_run_process
 .text.init_temp_sensor
                0x08004a68       0x6c Src\functions.o
                0x08004a68                init_temp_sensor
 .text.receive_temp_data
                0x08004ad4       0x8c Src\functions.o
                0x08004ad4                receive_temp_data
 .text.init_accel_sensor
                0x08004b60       0x44 Src\functions.o
                0x08004b60                init_accel_sensor
 .text.receive_accel_data
                0x08004ba4       0xc0 Src\functions.o
                0x08004ba4                receive_accel_data
 .text.lis2dh12_read_reg
                0x08004c64        0xe Src\lis2dh12_reg.o
                0x08004c64                lis2dh12_read_reg
 .text.lis2dh12_write_reg
                0x08004c72        0xe Src\lis2dh12_reg.o
                0x08004c72                lis2dh12_write_reg
 .text.lis2dh12_from_fs2_hr_to_mg
                0x08004c80        0xa Src\lis2dh12_reg.o
                0x08004c80                lis2dh12_from_fs2_hr_to_mg
 .text.lis2dh12_operating_mode_set
                0x08004c8a       0x80 Src\lis2dh12_reg.o
                0x08004c8a                lis2dh12_operating_mode_set
 .text.lis2dh12_data_rate_set
                0x08004d0a       0x2e Src\lis2dh12_reg.o
                0x08004d0a                lis2dh12_data_rate_set
 .text.lis2dh12_full_scale_set
                0x08004d38       0x2e Src\lis2dh12_reg.o
                0x08004d38                lis2dh12_full_scale_set
 .text.lis2dh12_block_data_update_set
                0x08004d66       0x2e Src\lis2dh12_reg.o
                0x08004d66                lis2dh12_block_data_update_set
 .text.lis2dh12_xl_data_ready_get
                0x08004d94       0x1c Src\lis2dh12_reg.o
                0x08004d94                lis2dh12_xl_data_ready_get
 .text.lis2dh12_acceleration_raw_get
                0x08004db0        0xa Src\lis2dh12_reg.o
                0x08004db0                lis2dh12_acceleration_raw_get
 .text.SystemClock_Config
                0x08004dba       0x6e Src\main.o
                0x08004dba                SystemClock_Config
 .text.startup.main
                0x08004e28      0x488 Src\main.o
                0x08004e28                main
 .text.HAL_MspInit
                0x080052b0       0x38 Src\stm32f3xx_hal_msp.o
                0x080052b0                HAL_MspInit
 .text.HAL_ADC_MspInit
                0x080052e8       0xac Src\stm32f3xx_hal_msp.o
                0x080052e8                HAL_ADC_MspInit
 .text.HAL_I2C_MspInit
                0x08005394       0x6c Src\stm32f3xx_hal_msp.o
                0x08005394                HAL_I2C_MspInit
 .text.HAL_TIM_Base_MspInit
                0x08005400       0x68 Src\stm32f3xx_hal_msp.o
                0x08005400                HAL_TIM_Base_MspInit
 .text.HAL_UART_MspInit
                0x08005468       0xc4 Src\stm32f3xx_hal_msp.o
                0x08005468                HAL_UART_MspInit
 .text.NMI_Handler
                0x0800552c        0x2 Src\stm32f3xx_it.o
                0x0800552c                NMI_Handler
 .text.HardFault_Handler
                0x0800552e        0x2 Src\stm32f3xx_it.o
                0x0800552e                HardFault_Handler
 .text.MemManage_Handler
                0x08005530        0x2 Src\stm32f3xx_it.o
                0x08005530                MemManage_Handler
 .text.BusFault_Handler
                0x08005532        0x2 Src\stm32f3xx_it.o
                0x08005532                BusFault_Handler
 .text.UsageFault_Handler
                0x08005534        0x2 Src\stm32f3xx_it.o
                0x08005534                UsageFault_Handler
 .text.SVC_Handler
                0x08005536        0x2 Src\stm32f3xx_it.o
                0x08005536                SVC_Handler
 .text.DebugMon_Handler
                0x08005538        0x2 Src\stm32f3xx_it.o
                0x08005538                DebugMon_Handler
 .text.PendSV_Handler
                0x0800553a        0x2 Src\stm32f3xx_it.o
                0x0800553a                PendSV_Handler
 .text.SysTick_Handler
                0x0800553c        0x4 Src\stm32f3xx_it.o
                0x0800553c                SysTick_Handler
 .text.TIM2_IRQHandler
                0x08005540       0x18 Src\stm32f3xx_it.o
                0x08005540                TIM2_IRQHandler
 .text.TIM3_IRQHandler
                0x08005558       0x18 Src\stm32f3xx_it.o
                0x08005558                TIM3_IRQHandler
 .text.USART1_IRQHandler
                0x08005570       0x54 Src\stm32f3xx_it.o
                0x08005570                USART1_IRQHandler
 .text._sbrk    0x080055c4       0x34 Src\syscalls.o
                0x080055c4                _sbrk
 .text.SystemInit
                0x080055f8       0x68 Src\system_stm32f3xx.o
                0x080055f8                SystemInit
 .text.Reset_Handler
                0x08005660       0x50 startup\startup_stm32f334x8.o
                0x08005660                Reset_Handler
 .text.Default_Handler
                0x080056b0        0x2 startup\startup_stm32f334x8.o
                0x080056b0                RTC_Alarm_IRQHandler
                0x080056b0                HRTIM1_Master_IRQHandler
                0x080056b0                TIM1_CC_IRQHandler
                0x080056b0                HRTIM1_FLT_IRQHandler
                0x080056b0                PVD_IRQHandler
                0x080056b0                HRTIM1_TIMD_IRQHandler
                0x080056b0                TAMP_STAMP_IRQHandler
                0x080056b0                EXTI3_IRQHandler
                0x080056b0                EXTI0_IRQHandler
                0x080056b0                FPU_IRQHandler
                0x080056b0                CAN_TX_IRQHandler
                0x080056b0                TIM1_UP_TIM16_IRQHandler
                0x080056b0                ADC1_2_IRQHandler
                0x080056b0                HRTIM1_TIME_IRQHandler
                0x080056b0                SPI1_IRQHandler
                0x080056b0                CAN_SCE_IRQHandler
                0x080056b0                HRTIM1_TIMC_IRQHandler
                0x080056b0                DMA1_Channel4_IRQHandler
                0x080056b0                USART3_IRQHandler
                0x080056b0                DMA1_Channel7_IRQHandler
                0x080056b0                TIM7_DAC2_IRQHandler
                0x080056b0                CAN_RX1_IRQHandler
                0x080056b0                I2C1_EV_IRQHandler
                0x080056b0                DMA1_Channel6_IRQHandler
                0x080056b0                RCC_IRQHandler
                0x080056b0                DMA1_Channel1_IRQHandler
                0x080056b0                Default_Handler
                0x080056b0                EXTI15_10_IRQHandler
                0x080056b0                COMP2_IRQHandler
                0x080056b0                HRTIM1_TIMA_IRQHandler
                0x080056b0                TIM6_DAC1_IRQHandler
                0x080056b0                EXTI9_5_IRQHandler
                0x080056b0                RTC_WKUP_IRQHandler
                0x080056b0                DMA1_Channel5_IRQHandler
                0x080056b0                EXTI4_IRQHandler
                0x080056b0                HRTIM1_TIMB_IRQHandler
                0x080056b0                TIM1_TRG_COM_TIM17_IRQHandler
                0x080056b0                DMA1_Channel3_IRQHandler
                0x080056b0                WWDG_IRQHandler
                0x080056b0                EXTI1_IRQHandler
                0x080056b0                COMP4_6_IRQHandler
                0x080056b0                USART2_IRQHandler
                0x080056b0                DMA1_Channel2_IRQHandler
                0x080056b0                FLASH_IRQHandler
                0x080056b0                CAN_RX0_IRQHandler
                0x080056b0                I2C1_ER_IRQHandler
                0x080056b0                EXTI2_TSC_IRQHandler
                0x080056b0                TIM1_BRK_TIM15_IRQHandler
 .text.atof     0x080056b2        0x6 c:/program files (x86)/atollic/truestudio for stm32 9.0.1/armtools/bin/../lib/gcc/arm-atollic-eabi/6.3.1/../../../../arm-atollic-eabi/lib/armv7e-m/fpu\libc.a(lib_a-atof.o)
                0x080056b2                atof
 .text.atoi     0x080056b8        0x8 c:/program files (x86)/atollic/truestudio for stm32 9.0.1/armtools/bin/../lib/gcc/arm-atollic-eabi/6.3.1/../../../../arm-atollic-eabi/lib/armv7e-m/fpu\libc.a(lib_a-atoi.o)
                0x080056b8                atoi
 .text.__errno  0x080056c0        0xc c:/program files (x86)/atollic/truestudio for stm32 9.0.1/armtools/bin/../lib/gcc/arm-atollic-eabi/6.3.1/../../../../arm-atollic-eabi/lib/armv7e-m/fpu\libc.a(lib_a-errno.o)
                0x080056c0                __errno
 .text.__libc_init_array
                0x080056cc       0x48 c:/program files (x86)/atollic/truestudio for stm32 9.0.1/armtools/bin/../lib/gcc/arm-atollic-eabi/6.3.1/../../../../arm-atollic-eabi/lib/armv7e-m/fpu\libc.a(lib_a-init.o)
                0x080056cc                __libc_init_array
 .text.memcpy   0x08005714       0x16 c:/program files (x86)/atollic/truestudio for stm32 9.0.1/armtools/bin/../lib/gcc/arm-atollic-eabi/6.3.1/../../../../arm-atollic-eabi/lib/armv7e-m/fpu\libc.a(lib_a-memcpy-stub.o)
                0x08005714                memcpy
 .text.memset   0x0800572a       0x10 c:/program files (x86)/atollic/truestudio for stm32 9.0.1/armtools/bin/../lib/gcc/arm-atollic-eabi/6.3.1/../../../../arm-atollic-eabi/lib/armv7e-m/fpu\libc.a(lib_a-memset.o)
                0x0800572a                memset
 *fill*         0x0800573a        0x2 
 .text.snprintf
                0x0800573c       0x68 c:/program files (x86)/atollic/truestudio for stm32 9.0.1/armtools/bin/../lib/gcc/arm-atollic-eabi/6.3.1/../../../../arm-atollic-eabi/lib/armv7e-m/fpu\libc.a(lib_a-snprintf.o)
                0x0800573c                snprintf
 .text.strchr   0x080057a4       0x1c c:/program files (x86)/atollic/truestudio for stm32 9.0.1/armtools/bin/../lib/gcc/arm-atollic-eabi/6.3.1/../../../../arm-atollic-eabi/lib/armv7e-m/fpu\libc.a(lib_a-strchr.o)
                0x080057a4                strchr
 .text.strncmp  0x080057c0       0x24 c:/program files (x86)/atollic/truestudio for stm32 9.0.1/armtools/bin/../lib/gcc/arm-atollic-eabi/6.3.1/../../../../arm-atollic-eabi/lib/armv7e-m/fpu\libc.a(lib_a-strncmp.o)
                0x080057c0                strncmp
 .text.unlikely.sulp
                0x080057e4       0x38 c:/program files (x86)/atollic/truestudio for stm32 9.0.1/armtools/bin/../lib/gcc/arm-atollic-eabi/6.3.1/../../../../arm-atollic-eabi/lib/armv7e-m/fpu\libc.a(lib_a-strtod.o)
 *fill*         0x0800581c        0x4 
 .text._strtod_l
                0x08005820      0xbd8 c:/program files (x86)/atollic/truestudio for stm32 9.0.1/armtools/bin/../lib/gcc/arm-atollic-eabi/6.3.1/../../../../arm-atollic-eabi/lib/armv7e-m/fpu\libc.a(lib_a-strtod.o)
                0x08005820                _strtod_l
 .text.strtod   0x080063f8       0x28 c:/program files (x86)/atollic/truestudio for stm32 9.0.1/armtools/bin/../lib/gcc/arm-atollic-eabi/6.3.1/../../../../arm-atollic-eabi/lib/armv7e-m/fpu\libc.a(lib_a-strtod.o)
                0x080063f8                strtod
 .text._strtol_l.isra.0
                0x08006420      0x100 c:/program files (x86)/atollic/truestudio for stm32 9.0.1/armtools/bin/../lib/gcc/arm-atollic-eabi/6.3.1/../../../../arm-atollic-eabi/lib/armv7e-m/fpu\libc.a(lib_a-strtol.o)
 .text.strtol   0x08006520       0x2c c:/program files (x86)/atollic/truestudio for stm32 9.0.1/armtools/bin/../lib/gcc/arm-atollic-eabi/6.3.1/../../../../arm-atollic-eabi/lib/armv7e-m/fpu\libc.a(lib_a-strtol.o)
                0x08006520                strtol
 *fill*         0x0800654c        0x4 
 .text._svfprintf_r
                0x08006550      0xfa8 c:/program files (x86)/atollic/truestudio for stm32 9.0.1/armtools/bin/../lib/gcc/arm-atollic-eabi/6.3.1/../../../../arm-atollic-eabi/lib/armv7e-m/fpu\libc.a(lib_a-svfprintf.o)
                0x08006550                _svfprintf_r
 .text.quorem   0x080074f8      0x118 c:/program files (x86)/atollic/truestudio for stm32 9.0.1/armtools/bin/../lib/gcc/arm-atollic-eabi/6.3.1/../../../../arm-atollic-eabi/lib/armv7e-m/fpu\libc.a(lib_a-dtoa.o)
 .text._dtoa_r  0x08007610      0xb9c c:/program files (x86)/atollic/truestudio for stm32 9.0.1/armtools/bin/../lib/gcc/arm-atollic-eabi/6.3.1/../../../../arm-atollic-eabi/lib/armv7e-m/fpu\libc.a(lib_a-dtoa.o)
                0x08007610                _dtoa_r
 .text.rshift   0x080081ac       0x6a c:/program files (x86)/atollic/truestudio for stm32 9.0.1/armtools/bin/../lib/gcc/arm-atollic-eabi/6.3.1/../../../../arm-atollic-eabi/lib/armv7e-m/fpu\libc.a(lib_a-gdtoa-gethex.o)
 .text.__hexdig_fun
                0x08008216       0x2a c:/program files (x86)/atollic/truestudio for stm32 9.0.1/armtools/bin/../lib/gcc/arm-atollic-eabi/6.3.1/../../../../arm-atollic-eabi/lib/armv7e-m/fpu\libc.a(lib_a-gdtoa-gethex.o)
                0x08008216                __hexdig_fun
 .text.__gethex
                0x08008240      0x43c c:/program files (x86)/atollic/truestudio for stm32 9.0.1/armtools/bin/../lib/gcc/arm-atollic-eabi/6.3.1/../../../../arm-atollic-eabi/lib/armv7e-m/fpu\libc.a(lib_a-gdtoa-gethex.o)
                0x08008240                __gethex
 .text.L_shift  0x0800867c       0x24 c:/program files (x86)/atollic/truestudio for stm32 9.0.1/armtools/bin/../lib/gcc/arm-atollic-eabi/6.3.1/../../../../arm-atollic-eabi/lib/armv7e-m/fpu\libc.a(lib_a-gdtoa-hexnan.o)
 .text.__match  0x080086a0       0x26 c:/program files (x86)/atollic/truestudio for stm32 9.0.1/armtools/bin/../lib/gcc/arm-atollic-eabi/6.3.1/../../../../arm-atollic-eabi/lib/armv7e-m/fpu\libc.a(lib_a-gdtoa-hexnan.o)
                0x080086a0                __match
 .text.__hexnan
                0x080086c6      0x120 c:/program files (x86)/atollic/truestudio for stm32 9.0.1/armtools/bin/../lib/gcc/arm-atollic-eabi/6.3.1/../../../../arm-atollic-eabi/lib/armv7e-m/fpu\libc.a(lib_a-gdtoa-hexnan.o)
                0x080086c6                __hexnan
 .text.__locale_ctype_ptr_l
                0x080087e6        0x6 c:/program files (x86)/atollic/truestudio for stm32 9.0.1/armtools/bin/../lib/gcc/arm-atollic-eabi/6.3.1/../../../../arm-atollic-eabi/lib/armv7e-m/fpu\libc.a(lib_a-locale.o)
                0x080087e6                __locale_ctype_ptr_l
 .text.__localeconv_l
                0x080087ec        0x4 c:/program files (x86)/atollic/truestudio for stm32 9.0.1/armtools/bin/../lib/gcc/arm-atollic-eabi/6.3.1/../../../../arm-atollic-eabi/lib/armv7e-m/fpu\libc.a(lib_a-localeconv.o)
                0x080087ec                __localeconv_l
 .text._localeconv_r
                0x080087f0       0x1c c:/program files (x86)/atollic/truestudio for stm32 9.0.1/armtools/bin/../lib/gcc/arm-atollic-eabi/6.3.1/../../../../arm-atollic-eabi/lib/armv7e-m/fpu\libc.a(lib_a-localeconv.o)
                0x080087f0                _localeconv_r
 .text.malloc   0x0800880c       0x10 c:/program files (x86)/atollic/truestudio for stm32 9.0.1/armtools/bin/../lib/gcc/arm-atollic-eabi/6.3.1/../../../../arm-atollic-eabi/lib/armv7e-m/fpu\libc.a(lib_a-malloc.o)
                0x0800880c                malloc
 .text._malloc_r
                0x0800881c      0x41c c:/program files (x86)/atollic/truestudio for stm32 9.0.1/armtools/bin/../lib/gcc/arm-atollic-eabi/6.3.1/../../../../arm-atollic-eabi/lib/armv7e-m/fpu\libc.a(lib_a-mallocr.o)
                0x0800881c                _malloc_r
 .text.__ascii_mbtowc
                0x08008c38       0x24 c:/program files (x86)/atollic/truestudio for stm32 9.0.1/armtools/bin/../lib/gcc/arm-atollic-eabi/6.3.1/../../../../arm-atollic-eabi/lib/armv7e-m/fpu\libc.a(lib_a-mbtowc_r.o)
                0x08008c38                __ascii_mbtowc
 .text.__malloc_lock
                0x08008c5c        0xc c:/program files (x86)/atollic/truestudio for stm32 9.0.1/armtools/bin/../lib/gcc/arm-atollic-eabi/6.3.1/../../../../arm-atollic-eabi/lib/armv7e-m/fpu\libc.a(lib_a-mlock.o)
                0x08008c5c                __malloc_lock
 .text.__malloc_unlock
                0x08008c68        0xc c:/program files (x86)/atollic/truestudio for stm32 9.0.1/armtools/bin/../lib/gcc/arm-atollic-eabi/6.3.1/../../../../arm-atollic-eabi/lib/armv7e-m/fpu\libc.a(lib_a-mlock.o)
                0x08008c68                __malloc_unlock
 .text._Balloc  0x08008c74       0x68 c:/program files (x86)/atollic/truestudio for stm32 9.0.1/armtools/bin/../lib/gcc/arm-atollic-eabi/6.3.1/../../../../arm-atollic-eabi/lib/armv7e-m/fpu\libc.a(lib_a-mprec.o)
                0x08008c74                _Balloc
 .text._Bfree   0x08008cdc       0x2e c:/program files (x86)/atollic/truestudio for stm32 9.0.1/armtools/bin/../lib/gcc/arm-atollic-eabi/6.3.1/../../../../arm-atollic-eabi/lib/armv7e-m/fpu\libc.a(lib_a-mprec.o)
                0x08008cdc                _Bfree
 .text.__multadd
                0x08008d0a       0x76 c:/program files (x86)/atollic/truestudio for stm32 9.0.1/armtools/bin/../lib/gcc/arm-atollic-eabi/6.3.1/../../../../arm-atollic-eabi/lib/armv7e-m/fpu\libc.a(lib_a-mprec.o)
                0x08008d0a                __multadd
 .text.__s2b    0x08008d80       0x7c c:/program files (x86)/atollic/truestudio for stm32 9.0.1/armtools/bin/../lib/gcc/arm-atollic-eabi/6.3.1/../../../../arm-atollic-eabi/lib/armv7e-m/fpu\libc.a(lib_a-mprec.o)
                0x08008d80                __s2b
 .text.__hi0bits
                0x08008dfc       0x3e c:/program files (x86)/atollic/truestudio for stm32 9.0.1/armtools/bin/../lib/gcc/arm-atollic-eabi/6.3.1/../../../../arm-atollic-eabi/lib/armv7e-m/fpu\libc.a(lib_a-mprec.o)
                0x08008dfc                __hi0bits
 .text.__lo0bits
                0x08008e3a       0x5e c:/program files (x86)/atollic/truestudio for stm32 9.0.1/armtools/bin/../lib/gcc/arm-atollic-eabi/6.3.1/../../../../arm-atollic-eabi/lib/armv7e-m/fpu\libc.a(lib_a-mprec.o)
                0x08008e3a                __lo0bits
 .text.__i2b    0x08008e98       0x12 c:/program files (x86)/atollic/truestudio for stm32 9.0.1/armtools/bin/../lib/gcc/arm-atollic-eabi/6.3.1/../../../../arm-atollic-eabi/lib/armv7e-m/fpu\libc.a(lib_a-mprec.o)
                0x08008e98                __i2b
 .text.__multiply
                0x08008eaa      0x11a c:/program files (x86)/atollic/truestudio for stm32 9.0.1/armtools/bin/../lib/gcc/arm-atollic-eabi/6.3.1/../../../../arm-atollic-eabi/lib/armv7e-m/fpu\libc.a(lib_a-mprec.o)
                0x08008eaa                __multiply
 .text.__pow5mult
                0x08008fc4       0x9c c:/program files (x86)/atollic/truestudio for stm32 9.0.1/armtools/bin/../lib/gcc/arm-atollic-eabi/6.3.1/../../../../arm-atollic-eabi/lib/armv7e-m/fpu\libc.a(lib_a-mprec.o)
                0x08008fc4                __pow5mult
 .text.__lshift
                0x08009060       0xa2 c:/program files (x86)/atollic/truestudio for stm32 9.0.1/armtools/bin/../lib/gcc/arm-atollic-eabi/6.3.1/../../../../arm-atollic-eabi/lib/armv7e-m/fpu\libc.a(lib_a-mprec.o)
                0x08009060                __lshift
 .text.__mcmp   0x08009102       0x34 c:/program files (x86)/atollic/truestudio for stm32 9.0.1/armtools/bin/../lib/gcc/arm-atollic-eabi/6.3.1/../../../../arm-atollic-eabi/lib/armv7e-m/fpu\libc.a(lib_a-mprec.o)
                0x08009102                __mcmp
 .text.__mdiff  0x08009136       0xbc c:/program files (x86)/atollic/truestudio for stm32 9.0.1/armtools/bin/../lib/gcc/arm-atollic-eabi/6.3.1/../../../../arm-atollic-eabi/lib/armv7e-m/fpu\libc.a(lib_a-mprec.o)
                0x08009136                __mdiff
 *fill*         0x080091f2        0x2 
 .text.__ulp    0x080091f4       0x50 c:/program files (x86)/atollic/truestudio for stm32 9.0.1/armtools/bin/../lib/gcc/arm-atollic-eabi/6.3.1/../../../../arm-atollic-eabi/lib/armv7e-m/fpu\libc.a(lib_a-mprec.o)
                0x080091f4                __ulp
 .text.__b2d    0x08009244       0x9c c:/program files (x86)/atollic/truestudio for stm32 9.0.1/armtools/bin/../lib/gcc/arm-atollic-eabi/6.3.1/../../../../arm-atollic-eabi/lib/armv7e-m/fpu\libc.a(lib_a-mprec.o)
                0x08009244                __b2d
 .text.__d2b    0x080092e0       0x9e c:/program files (x86)/atollic/truestudio for stm32 9.0.1/armtools/bin/../lib/gcc/arm-atollic-eabi/6.3.1/../../../../arm-atollic-eabi/lib/armv7e-m/fpu\libc.a(lib_a-mprec.o)
                0x080092e0                __d2b
 .text.__ratio  0x0800937e       0x58 c:/program files (x86)/atollic/truestudio for stm32 9.0.1/armtools/bin/../lib/gcc/arm-atollic-eabi/6.3.1/../../../../arm-atollic-eabi/lib/armv7e-m/fpu\libc.a(lib_a-mprec.o)
                0x0800937e                __ratio
 .text.__copybits
                0x080093d6       0x34 c:/program files (x86)/atollic/truestudio for stm32 9.0.1/armtools/bin/../lib/gcc/arm-atollic-eabi/6.3.1/../../../../arm-atollic-eabi/lib/armv7e-m/fpu\libc.a(lib_a-mprec.o)
                0x080093d6                __copybits
 .text.__any_on
                0x0800940a       0x42 c:/program files (x86)/atollic/truestudio for stm32 9.0.1/armtools/bin/../lib/gcc/arm-atollic-eabi/6.3.1/../../../../arm-atollic-eabi/lib/armv7e-m/fpu\libc.a(lib_a-mprec.o)
                0x0800940a                __any_on
 .text._sbrk_r  0x0800944c       0x20 c:/program files (x86)/atollic/truestudio for stm32 9.0.1/armtools/bin/../lib/gcc/arm-atollic-eabi/6.3.1/../../../../arm-atollic-eabi/lib/armv7e-m/fpu\libc.a(lib_a-sbrkr.o)
                0x0800944c                _sbrk_r
 .text.__ssprint_r
                0x0800946c       0xf4 c:/program files (x86)/atollic/truestudio for stm32 9.0.1/armtools/bin/../lib/gcc/arm-atollic-eabi/6.3.1/../../../../arm-atollic-eabi/lib/armv7e-m/fpu\libc.a(lib_a-svfiprintf.o)
                0x0800946c                __ssprint_r
 .text.__ascii_wctomb
                0x08009560       0x1a c:/program files (x86)/atollic/truestudio for stm32 9.0.1/armtools/bin/../lib/gcc/arm-atollic-eabi/6.3.1/../../../../arm-atollic-eabi/lib/armv7e-m/fpu\libc.a(lib_a-wctomb_r.o)
                0x08009560                __ascii_wctomb
 .text._calloc_r
                0x0800957a       0x5a c:/program files (x86)/atollic/truestudio for stm32 9.0.1/armtools/bin/../lib/gcc/arm-atollic-eabi/6.3.1/../../../../arm-atollic-eabi/lib/armv7e-m/fpu\libc.a(lib_a-callocr.o)
                0x0800957a                _calloc_r
 .text._malloc_trim_r
                0x080095d4       0xac c:/program files (x86)/atollic/truestudio for stm32 9.0.1/armtools/bin/../lib/gcc/arm-atollic-eabi/6.3.1/../../../../arm-atollic-eabi/lib/armv7e-m/fpu\libc.a(lib_a-freer.o)
                0x080095d4                _malloc_trim_r
 .text._free_r  0x08009680      0x178 c:/program files (x86)/atollic/truestudio for stm32 9.0.1/armtools/bin/../lib/gcc/arm-atollic-eabi/6.3.1/../../../../arm-atollic-eabi/lib/armv7e-m/fpu\libc.a(lib_a-freer.o)
                0x08009680                _free_r
 .text.__retarget_lock_acquire_recursive
                0x080097f8        0x2 c:/program files (x86)/atollic/truestudio for stm32 9.0.1/armtools/bin/../lib/gcc/arm-atollic-eabi/6.3.1/../../../../arm-atollic-eabi/lib/armv7e-m/fpu\libc.a(lib_a-lock.o)
                0x080097f8                __retarget_lock_acquire_recursive
 .text.__retarget_lock_release_recursive
                0x080097fa        0x2 c:/program files (x86)/atollic/truestudio for stm32 9.0.1/armtools/bin/../lib/gcc/arm-atollic-eabi/6.3.1/../../../../arm-atollic-eabi/lib/armv7e-m/fpu\libc.a(lib_a-lock.o)
                0x080097fa                __retarget_lock_release_recursive
 .text.memmove  0x080097fc       0x34 c:/program files (x86)/atollic/truestudio for stm32 9.0.1/armtools/bin/../lib/gcc/arm-atollic-eabi/6.3.1/../../../../arm-atollic-eabi/lib/armv7e-m/fpu\libc.a(lib_a-memmove.o)
                0x080097fc                memmove
 .text._realloc_r
                0x08009830      0x300 c:/program files (x86)/atollic/truestudio for stm32 9.0.1/armtools/bin/../lib/gcc/arm-atollic-eabi/6.3.1/../../../../arm-atollic-eabi/lib/armv7e-m/fpu\libc.a(lib_a-reallocr.o)
                0x08009830                _realloc_r
 *(.glue_7)
 .glue_7        0x08009b30        0x0 linker stubs
 *(.glue_7t)
 .glue_7t       0x08009b30        0x0 linker stubs
 *(.eh_frame)
 .eh_frame      0x08009b30        0x0 c:/program files (x86)/atollic/truestudio for stm32 9.0.1/armtools/bin/../lib/gcc/arm-atollic-eabi/6.3.1/armv7e-m/fpu/crtbegin.o
 *(.init)
 .init          0x08009b30        0x4 c:/program files (x86)/atollic/truestudio for stm32 9.0.1/armtools/bin/../lib/gcc/arm-atollic-eabi/6.3.1/armv7e-m/fpu/crti.o
                0x08009b30                _init
 .init          0x08009b34        0x8 c:/program files (x86)/atollic/truestudio for stm32 9.0.1/armtools/bin/../lib/gcc/arm-atollic-eabi/6.3.1/armv7e-m/fpu/crtn.o
 *(.fini)
 .fini          0x08009b3c        0x4 c:/program files (x86)/atollic/truestudio for stm32 9.0.1/armtools/bin/../lib/gcc/arm-atollic-eabi/6.3.1/armv7e-m/fpu/crti.o
                0x08009b3c                _fini
 .fini          0x08009b40        0x8 c:/program files (x86)/atollic/truestudio for stm32 9.0.1/armtools/bin/../lib/gcc/arm-atollic-eabi/6.3.1/armv7e-m/fpu/crtn.o
                0x08009b48                . = ALIGN (0x4)
                0x08009b48                _etext = .

.vfp11_veneer   0x08009b48        0x0
 .vfp11_veneer  0x08009b48        0x0 linker stubs

.v4_bx          0x08009b48        0x0
 .v4_bx         0x08009b48        0x0 linker stubs

.iplt           0x08009b48        0x0
 .iplt          0x08009b48        0x0 c:/program files (x86)/atollic/truestudio for stm32 9.0.1/armtools/bin/../lib/gcc/arm-atollic-eabi/6.3.1/armv7e-m/fpu/crtbegin.o

.rodata         0x08009b48      0x378
                0x08009b48                . = ALIGN (0x4)
 *(.rodata)
 *(.rodata*)
 .rodata.aPLLMULFactorTable
                0x08009b48       0x10 Drivers\STM32F3xx_HAL_Driver\Src\stm32f3xx_hal_rcc.o
                0x08009b48                aPLLMULFactorTable
 .rodata.aPredivFactorTable
                0x08009b58       0x10 Drivers\STM32F3xx_HAL_Driver\Src\stm32f3xx_hal_rcc.o
                0x08009b58                aPredivFactorTable
 .rodata.CSWTCH.45
                0x08009b68        0x4 Drivers\STM32F3xx_HAL_Driver\Src\stm32f3xx_hal_uart.o
 .rodata.lcd_process_state.str1.1
                0x08009b6c       0x1f Src\functions.o
                                 0x20 (size before relaxing)
 .rodata.uart_receive.str1.1
                0x08009b8b        0x7 Src\functions.o
 .rodata.uart_transmit.str1.1
                0x08009b92       0x51 Src\functions.o
 .rodata.AHBPrescTable
                0x08009be3       0x10 Src\system_stm32f3xx.o
                0x08009be3                AHBPrescTable
 .rodata.APBPrescTable
                0x08009bf3        0x8 Src\system_stm32f3xx.o
                0x08009bf3                APBPrescTable
 .rodata._strtod_l.str1.1
                0x08009bfb       0x51 c:/program files (x86)/atollic/truestudio for stm32 9.0.1/armtools/bin/../lib/gcc/arm-atollic-eabi/6.3.1/../../../../arm-atollic-eabi/lib/armv7e-m/fpu\libc.a(lib_a-strtod.o)
                                  0xc (size before relaxing)
 *fill*         0x08009bfb        0x1 
 .rodata.fpi.7278
                0x08009bfc       0x14 c:/program files (x86)/atollic/truestudio for stm32 9.0.1/armtools/bin/../lib/gcc/arm-atollic-eabi/6.3.1/../../../../arm-atollic-eabi/lib/armv7e-m/fpu\libc.a(lib_a-strtod.o)
 .rodata.fpinan.7314
                0x08009c10       0x14 c:/program files (x86)/atollic/truestudio for stm32 9.0.1/armtools/bin/../lib/gcc/arm-atollic-eabi/6.3.1/../../../../arm-atollic-eabi/lib/armv7e-m/fpu\libc.a(lib_a-strtod.o)
 *fill*         0x08009c24        0x4 
 .rodata.tinytens
                0x08009c28       0x28 c:/program files (x86)/atollic/truestudio for stm32 9.0.1/armtools/bin/../lib/gcc/arm-atollic-eabi/6.3.1/../../../../arm-atollic-eabi/lib/armv7e-m/fpu\libc.a(lib_a-strtod.o)
 .rodata._svfprintf_r.str1.1
                0x08009c50       0x34 c:/program files (x86)/atollic/truestudio for stm32 9.0.1/armtools/bin/../lib/gcc/arm-atollic-eabi/6.3.1/../../../../arm-atollic-eabi/lib/armv7e-m/fpu\libc.a(lib_a-svfprintf.o)
 .rodata.blanks.8359
                0x08009c84       0x10 c:/program files (x86)/atollic/truestudio for stm32 9.0.1/armtools/bin/../lib/gcc/arm-atollic-eabi/6.3.1/../../../../arm-atollic-eabi/lib/armv7e-m/fpu\libc.a(lib_a-svfprintf.o)
 .rodata.zeroes.8360
                0x08009c94       0x10 c:/program files (x86)/atollic/truestudio for stm32 9.0.1/armtools/bin/../lib/gcc/arm-atollic-eabi/6.3.1/../../../../arm-atollic-eabi/lib/armv7e-m/fpu\libc.a(lib_a-svfprintf.o)
 .rodata._dtoa_r.str1.1
                0x08009ca4        0xd c:/program files (x86)/atollic/truestudio for stm32 9.0.1/armtools/bin/../lib/gcc/arm-atollic-eabi/6.3.1/../../../../arm-atollic-eabi/lib/armv7e-m/fpu\libc.a(lib_a-dtoa.o)
                                  0xf (size before relaxing)
 .rodata._setlocale_r.str1.1
                0x08009cb1        0x6 c:/program files (x86)/atollic/truestudio for stm32 9.0.1/armtools/bin/../lib/gcc/arm-atollic-eabi/6.3.1/../../../../arm-atollic-eabi/lib/armv7e-m/fpu\libc.a(lib_a-locale.o)
                                  0x9 (size before relaxing)
 .rodata.str1.1
                0x08009cb7        0x2 c:/program files (x86)/atollic/truestudio for stm32 9.0.1/armtools/bin/../lib/gcc/arm-atollic-eabi/6.3.1/../../../../arm-atollic-eabi/lib/armv7e-m/fpu\libc.a(lib_a-locale.o)
 *fill*         0x08009cb9        0x7 
 .rodata.__mprec_bigtens
                0x08009cc0       0x28 c:/program files (x86)/atollic/truestudio for stm32 9.0.1/armtools/bin/../lib/gcc/arm-atollic-eabi/6.3.1/../../../../arm-atollic-eabi/lib/armv7e-m/fpu\libc.a(lib_a-mprec.o)
                0x08009cc0                __mprec_bigtens
 .rodata.__mprec_tens
                0x08009ce8       0xc8 c:/program files (x86)/atollic/truestudio for stm32 9.0.1/armtools/bin/../lib/gcc/arm-atollic-eabi/6.3.1/../../../../arm-atollic-eabi/lib/armv7e-m/fpu\libc.a(lib_a-mprec.o)
                0x08009ce8                __mprec_tens
 .rodata.p05.7196
                0x08009db0        0xc c:/program files (x86)/atollic/truestudio for stm32 9.0.1/armtools/bin/../lib/gcc/arm-atollic-eabi/6.3.1/../../../../arm-atollic-eabi/lib/armv7e-m/fpu\libc.a(lib_a-mprec.o)
 .rodata._ctype_
                0x08009dbc      0x101 c:/program files (x86)/atollic/truestudio for stm32 9.0.1/armtools/bin/../lib/gcc/arm-atollic-eabi/6.3.1/../../../../arm-atollic-eabi/lib/armv7e-m/fpu\libc.a(lib_a-ctype_.o)
                0x08009dbc                _ctype_
                0x08009ec0                . = ALIGN (0x4)
 *fill*         0x08009ebd        0x3 

.ARM.extab
 *(.ARM.extab* .gnu.linkonce.armextab.*)

.ARM            0x08009ec0        0x8
                0x08009ec0                __exidx_start = .
 *(.ARM.exidx*)
 .ARM.exidx     0x08009ec0        0x8 c:/program files (x86)/atollic/truestudio for stm32 9.0.1/armtools/bin/../lib/gcc/arm-atollic-eabi/6.3.1/armv7e-m/fpu\libgcc.a(_udivmoddi4.o)
                0x08009ec8                __exidx_end = .

.rel.dyn        0x08009ec8        0x0
 .rel.iplt      0x08009ec8        0x0 c:/program files (x86)/atollic/truestudio for stm32 9.0.1/armtools/bin/../lib/gcc/arm-atollic-eabi/6.3.1/armv7e-m/fpu/crtbegin.o

.preinit_array  0x08009ec8        0x0
                0x08009ec8                PROVIDE (__preinit_array_start, .)
 *(.preinit_array*)
                0x08009ec8                PROVIDE (__preinit_array_end, .)

.init_array     0x08009ec8        0x4
                0x08009ec8                PROVIDE (__init_array_start, .)
 *(SORT(.init_array.*))
 *(.init_array*)
 .init_array    0x08009ec8        0x4 c:/program files (x86)/atollic/truestudio for stm32 9.0.1/armtools/bin/../lib/gcc/arm-atollic-eabi/6.3.1/armv7e-m/fpu/crtbegin.o
                0x08009ecc                PROVIDE (__init_array_end, .)

.fini_array     0x08009ecc        0x4
                [!provide]                PROVIDE (__fini_array_start, .)
 *(SORT(.fini_array.*))
 *(.fini_array*)
 .fini_array    0x08009ecc        0x4 c:/program files (x86)/atollic/truestudio for stm32 9.0.1/armtools/bin/../lib/gcc/arm-atollic-eabi/6.3.1/armv7e-m/fpu/crtbegin.o
                [!provide]                PROVIDE (__fini_array_end, .)
                0x08009ed0                _sidata = LOADADDR (.data)

.data           0x20000000      0x680 load address 0x08009ed0
                0x20000000                . = ALIGN (0x4)
                0x20000000                _sdata = .
 *(.data)
 *(.data*)
 .data.uwTickFreq
                0x20000000        0x1 Drivers\STM32F3xx_HAL_Driver\Src\stm32f3xx_hal.o
                0x20000000                uwTickFreq
 *fill*         0x20000001        0x3 
 .data.uwTickPrio
                0x20000004        0x4 Drivers\STM32F3xx_HAL_Driver\Src\stm32f3xx_hal.o
                0x20000004                uwTickPrio
 .data.SystemCoreClock
                0x20000008        0x4 Src\system_stm32f3xx.o
                0x20000008                SystemCoreClock
 .data.burn_down_cnt
                0x2000000c        0x1 Src\variables.o
                0x2000000c                burn_down_cnt
 .data.lcd_state
                0x2000000d        0x1 Src\variables.o
                0x2000000d                lcd_state
 *fill*         0x2000000e        0x2 
 .data._impure_ptr
                0x20000010        0x4 c:/program files (x86)/atollic/truestudio for stm32 9.0.1/armtools/bin/../lib/gcc/arm-atollic-eabi/6.3.1/../../../../arm-atollic-eabi/lib/armv7e-m/fpu\libc.a(lib_a-impure.o)
                0x20000010                _impure_ptr
 .data.impure_data
                0x20000014       0xf0 c:/program files (x86)/atollic/truestudio for stm32 9.0.1/armtools/bin/../lib/gcc/arm-atollic-eabi/6.3.1/../../../../arm-atollic-eabi/lib/armv7e-m/fpu\libc.a(lib_a-impure.o)
 .data.__global_locale
                0x20000104      0x16c c:/program files (x86)/atollic/truestudio for stm32 9.0.1/armtools/bin/../lib/gcc/arm-atollic-eabi/6.3.1/../../../../arm-atollic-eabi/lib/armv7e-m/fpu\libc.a(lib_a-locale.o)
                0x20000104                __global_locale
 .data.__malloc_av_
                0x20000270      0x408 c:/program files (x86)/atollic/truestudio for stm32 9.0.1/armtools/bin/../lib/gcc/arm-atollic-eabi/6.3.1/../../../../arm-atollic-eabi/lib/armv7e-m/fpu\libc.a(lib_a-mallocr.o)
                0x20000270                __malloc_av_
 .data.__malloc_sbrk_base
                0x20000678        0x4 c:/program files (x86)/atollic/truestudio for stm32 9.0.1/armtools/bin/../lib/gcc/arm-atollic-eabi/6.3.1/../../../../arm-atollic-eabi/lib/armv7e-m/fpu\libc.a(lib_a-mallocr.o)
                0x20000678                __malloc_sbrk_base
 .data.__malloc_trim_threshold
                0x2000067c        0x4 c:/program files (x86)/atollic/truestudio for stm32 9.0.1/armtools/bin/../lib/gcc/arm-atollic-eabi/6.3.1/../../../../arm-atollic-eabi/lib/armv7e-m/fpu\libc.a(lib_a-mallocr.o)
                0x2000067c                __malloc_trim_threshold
                0x20000680                . = ALIGN (0x4)
                0x20000680                _edata = .
                0x0800a550                _siccmram = LOADADDR (.ccmram)

.igot.plt       0x20000680        0x0 load address 0x0800a550
 .igot.plt      0x20000680        0x0 c:/program files (x86)/atollic/truestudio for stm32 9.0.1/armtools/bin/../lib/gcc/arm-atollic-eabi/6.3.1/armv7e-m/fpu/crtbegin.o

.ccmram         0x10000000        0x0 load address 0x0800a550
                0x10000000                . = ALIGN (0x4)
                0x10000000                _sccmram = .
 *(.ccmram)
 *(.ccmram*)
                0x10000000                . = ALIGN (0x4)
                0x10000000                _eccmram = .
                0x10000000                . = ALIGN (0x4)

.bss            0x20000680      0x5d8
                0x20000680                _sbss = .
                0x20000680                __bss_start__ = _sbss
 *(.bss)
 .bss           0x20000680       0x1c c:/program files (x86)/atollic/truestudio for stm32 9.0.1/armtools/bin/../lib/gcc/arm-atollic-eabi/6.3.1/armv7e-m/fpu/crtbegin.o
 *(.bss*)
 .bss.HAL_RCC_ADC12_CLK_ENABLED
                0x2000069c        0x4 Src\stm32f3xx_hal_msp.o
 .bss.heap_end.7031
                0x200006a0        0x4 Src\syscalls.o
 .bss.acc1      0x200006a4        0x4 Src\variables.o
                0x200006a4                acc1
 .bss.acc2      0x200006a8        0x4 Src\variables.o
                0x200006a8                acc2
 .bss.acc3      0x200006ac        0x4 Src\variables.o
                0x200006ac                acc3
 .bss.alt       0x200006b0        0x4 Src\variables.o
                0x200006b0                alt
 .bss.alt_string
                0x200006b4        0x7 Src\variables.o
                0x200006b4                alt_string
 .bss.burn_up_cnt
                0x200006bb        0x1 Src\variables.o
                0x200006bb                burn_up_cnt
 .bss.calc_checksum
                0x200006bc        0x1 Src\variables.o
                0x200006bc                calc_checksum
 .bss.cur       0x200006bd        0x1 Src\variables.o
                0x200006bd                cur
 *fill*         0x200006be        0x2 
 .bss.curr_lcd_time
                0x200006c0        0x4 Src\variables.o
                0x200006c0                curr_lcd_time
 .bss.data_bits
                0x200006c4        0x6 Src\variables.o
                0x200006c4                data_bits
 .bss.hrs       0x200006ca        0x1 Src\variables.o
                0x200006ca                hrs
 *fill*         0x200006cb        0x1 
 .bss.hum       0x200006cc        0x4 Src\variables.o
                0x200006cc                hum
 .bss.in_checksum
                0x200006d0        0x1 Src\variables.o
                0x200006d0                in_checksum
 .bss.in_string
                0x200006d1       0x5c Src\variables.o
                0x200006d1                in_string
 *fill*         0x2000072d        0x3 
 .bss.lat       0x20000730        0x4 Src\variables.o
                0x20000730                lat
 .bss.lcd_count_down
                0x20000734        0x1 Src\variables.o
                0x20000734                lcd_count_down
 *fill*         0x20000735        0x3 
 .bss.lcd_curr_ptr
                0x20000738        0x4 Src\variables.o
                0x20000738                lcd_curr_ptr
 .bss.lcd_print_flag
                0x2000073c        0x1 Src\variables.o
                0x2000073c                lcd_print_flag
 .bss.lcd_string
                0x2000073d       0x11 Src\variables.o
                0x2000073d                lcd_string
 *fill*         0x2000074e        0x2 
 .bss.lon       0x20000750        0x4 Src\variables.o
                0x20000750                lon
 .bss.max_runtime
                0x20000754        0x4 Src\variables.o
                0x20000754                max_runtime
 .bss.mins      0x20000758        0x1 Src\variables.o
                0x20000758                mins
 .bss.out_string
                0x20000759       0x5b Src\variables.o
                0x20000759                out_string
 .bss.prev_alt  0x200007b4        0x4 Src\variables.o
                0x200007b4                prev_alt
 .bss.prev_lcd_time
                0x200007b8        0x4 Src\variables.o
                0x200007b8                prev_lcd_time
 .bss.prev_tmp  0x200007bc        0x4 Src\variables.o
                0x200007bc                prev_tmp
 .bss.prs       0x200007c0        0x4 Src\variables.o
                0x200007c0                prs
 .bss.secs      0x200007c4        0x1 Src\variables.o
                0x200007c4                secs
 *fill*         0x200007c5        0x3 
 .bss.tmp       0x200007c8        0x4 Src\variables.o
                0x200007c8                tmp
 .bss.tmp_string
                0x200007cc        0x7 Src\variables.o
                0x200007cc                tmp_string
 *fill*         0x200007d3        0x1 
 .bss.vol       0x200007d4        0x4 Src\variables.o
                0x200007d4                vol
 .bss.__malloc_current_mallinfo
                0x200007d8       0x28 c:/program files (x86)/atollic/truestudio for stm32 9.0.1/armtools/bin/../lib/gcc/arm-atollic-eabi/6.3.1/../../../../arm-atollic-eabi/lib/armv7e-m/fpu\libc.a(lib_a-mallocr.o)
                0x200007d8                __malloc_current_mallinfo
 .bss.__malloc_max_sbrked_mem
                0x20000800        0x4 c:/program files (x86)/atollic/truestudio for stm32 9.0.1/armtools/bin/../lib/gcc/arm-atollic-eabi/6.3.1/../../../../arm-atollic-eabi/lib/armv7e-m/fpu\libc.a(lib_a-mallocr.o)
                0x20000800                __malloc_max_sbrked_mem
 .bss.__malloc_max_total_mem
                0x20000804        0x4 c:/program files (x86)/atollic/truestudio for stm32 9.0.1/armtools/bin/../lib/gcc/arm-atollic-eabi/6.3.1/../../../../arm-atollic-eabi/lib/armv7e-m/fpu\libc.a(lib_a-mallocr.o)
                0x20000804                __malloc_max_total_mem
 .bss.__malloc_top_pad
                0x20000808        0x4 c:/program files (x86)/atollic/truestudio for stm32 9.0.1/armtools/bin/../lib/gcc/arm-atollic-eabi/6.3.1/../../../../arm-atollic-eabi/lib/armv7e-m/fpu\libc.a(lib_a-mallocr.o)
                0x20000808                __malloc_top_pad
 *(COMMON)
 COMMON         0x2000080c        0x4 Drivers\STM32F3xx_HAL_Driver\Src\stm32f3xx_hal.o
                0x2000080c                uwTick
 COMMON         0x20000810      0x254 Src\main.o
                0x20000810                hadc2
                0x20000864                hi2c1
                0x200008b0                htim3
                0x200008f0                hadc1
                0x20000944                huart1
                0x200009b4                htim2
                0x200009f4                huart2
 COMMON         0x20000a64      0x1e4 Src\variables.o
                0x20000a64                curr_counter
                0x20000a68                burn_flag
                0x20000a69                num_spaces1
                0x20000a6a                cnt_readings
                0x20000a6c                in_time
                0x20000a70                dev
                0x20000ab0                current_readings
                0x20000b00                dev_ctx
                0x20000b0c                rslt
                0x20000b10                comp_data
                0x20000b1c                temp_tmp
                0x20000b20                str_checksum
                0x20000b22                message_flag
                0x20000b23                in_len
                0x20000b24                adc_flag
                0x20000b28                checksum_delim_ptr
                0x20000b2c                lat_in
                0x20000b30                runtime
                0x20000b31                num_spaces2
                0x20000b34                adc_current
                0x20000b38                data_raw_acceleration
                0x20000b40                adc_voltage
                0x20000b44                gps_data
                0x20000b78                curr_ptr
                0x20000b7c                lon_in
                0x20000b80                temp_alt
                0x20000b84                sum_voltage
                0x20000b88                voltage_readings
                0x20000bd8                prev_counter
                0x20000bdc                syscounter
                0x20000be0                delim_ptr
                0x20000be4                checksum_curr_ptr
                0x20000be8                str_data
                0x20000c41                count_flag
                0x20000c42                lcd_pos
                0x20000c44                sum_current
 COMMON         0x20000c48        0x9 c:/program files (x86)/atollic/truestudio for stm32 9.0.1/armtools/bin/../lib/gcc/arm-atollic-eabi/6.3.1/../../../../arm-atollic-eabi/lib/armv7e-m/fpu\libc.a(lib_a-lock.o)
                0x20000c48                __lock___atexit_recursive_mutex
                0x20000c49                __lock___arc4random_mutex
                0x20000c4a                __lock___env_recursive_mutex
                0x20000c4b                __lock___sinit_recursive_mutex
                0x20000c4c                __lock___malloc_recursive_mutex
                0x20000c4d                __lock___at_quick_exit_mutex
                0x20000c4e                __lock___dd_hash_mutex
                0x20000c4f                __lock___tz_mutex
                0x20000c50                __lock___sfp_recursive_mutex
 *fill*         0x20000c51        0x3 
 COMMON         0x20000c54        0x4 c:/program files (x86)/atollic/truestudio for stm32 9.0.1/armtools/bin/../lib/gcc/arm-atollic-eabi/6.3.1/../../../../arm-atollic-eabi/lib/armv7e-m/fpu\libc.a(lib_a-reent.o)
                0x20000c54                errno
                0x20000c58                . = ALIGN (0x4)
                0x20000c58                _ebss = .
                0x20000c58                __bss_end__ = _ebss

._user_heap_stack
                0x20000c58      0x600
                0x20000c58                . = ALIGN (0x4)
                0x20000c58                PROVIDE (end, .)
                [!provide]                PROVIDE (_end, .)
                0x20000e58                . = (. + _Min_Heap_Size)
 *fill*         0x20000c58      0x200 
                0x20001258                . = (. + _Min_Stack_Size)
 *fill*         0x20000e58      0x400 
                0x20001258                . = ALIGN (0x4)

/DISCARD/
 libc.a(*)
 libm.a(*)
 libgcc.a(*)

.ARM.attributes
                0x00000000       0x30
 *(.ARM.attributes)
 .ARM.attributes
                0x00000000       0x22 c:/program files (x86)/atollic/truestudio for stm32 9.0.1/armtools/bin/../lib/gcc/arm-atollic-eabi/6.3.1/armv7e-m/fpu/crti.o
 .ARM.attributes
                0x00000022       0x34 c:/program files (x86)/atollic/truestudio for stm32 9.0.1/armtools/bin/../lib/gcc/arm-atollic-eabi/6.3.1/armv7e-m/fpu/crtbegin.o
 .ARM.attributes
                0x00000056       0x39 Drivers\STM32F3xx_HAL_Driver\Src\stm32f3xx_hal.o
 .ARM.attributes
                0x0000008f       0x39 Drivers\STM32F3xx_HAL_Driver\Src\stm32f3xx_hal_adc_ex.o
 .ARM.attributes
                0x000000c8       0x39 Drivers\STM32F3xx_HAL_Driver\Src\stm32f3xx_hal_cortex.o
 .ARM.attributes
                0x00000101       0x39 Drivers\STM32F3xx_HAL_Driver\Src\stm32f3xx_hal_dma.o
 .ARM.attributes
                0x0000013a       0x39 Drivers\STM32F3xx_HAL_Driver\Src\stm32f3xx_hal_gpio.o
 .ARM.attributes
                0x00000173       0x39 Drivers\STM32F3xx_HAL_Driver\Src\stm32f3xx_hal_i2c.o
 .ARM.attributes
                0x000001ac       0x39 Drivers\STM32F3xx_HAL_Driver\Src\stm32f3xx_hal_i2c_ex.o
 .ARM.attributes
                0x000001e5       0x39 Drivers\STM32F3xx_HAL_Driver\Src\stm32f3xx_hal_rcc.o
 .ARM.attributes
                0x0000021e       0x39 Drivers\STM32F3xx_HAL_Driver\Src\stm32f3xx_hal_rcc_ex.o
 .ARM.attributes
                0x00000257       0x39 Drivers\STM32F3xx_HAL_Driver\Src\stm32f3xx_hal_tim.o
 .ARM.attributes
                0x00000290       0x39 Drivers\STM32F3xx_HAL_Driver\Src\stm32f3xx_hal_tim_ex.o
 .ARM.attributes
                0x000002c9       0x39 Drivers\STM32F3xx_HAL_Driver\Src\stm32f3xx_hal_uart.o
 .ARM.attributes
                0x00000302       0x39 Drivers\STM32F3xx_HAL_Driver\Src\stm32f3xx_hal_uart_ex.o
 .ARM.attributes
                0x0000033b       0x39 Src\bme280.o
 .ARM.attributes
                0x00000374       0x39 Src\functions.o
 .ARM.attributes
                0x000003ad       0x39 Src\lis2dh12_reg.o
 .ARM.attributes
                0x000003e6       0x39 Src\main.o
 .ARM.attributes
                0x0000041f       0x39 Src\stm32f3xx_hal_msp.o
 .ARM.attributes
                0x00000458       0x39 Src\stm32f3xx_it.o
 .ARM.attributes
                0x00000491       0x39 Src\syscalls.o
 .ARM.attributes
                0x000004ca       0x39 Src\system_stm32f3xx.o
 .ARM.attributes
                0x00000503       0x39 Src\variables.o
 .ARM.attributes
                0x0000053c       0x21 startup\startup_stm32f334x8.o
 .ARM.attributes
                0x0000055d       0x34 c:/program files (x86)/atollic/truestudio for stm32 9.0.1/armtools/bin/../lib/gcc/arm-atollic-eabi/6.3.1/../../../../arm-atollic-eabi/lib/armv7e-m/fpu\libc.a(lib_a-atof.o)
 .ARM.attributes
                0x00000591       0x34 c:/program files (x86)/atollic/truestudio for stm32 9.0.1/armtools/bin/../lib/gcc/arm-atollic-eabi/6.3.1/../../../../arm-atollic-eabi/lib/armv7e-m/fpu\libc.a(lib_a-atoi.o)
 .ARM.attributes
                0x000005c5       0x34 c:/program files (x86)/atollic/truestudio for stm32 9.0.1/armtools/bin/../lib/gcc/arm-atollic-eabi/6.3.1/../../../../arm-atollic-eabi/lib/armv7e-m/fpu\libc.a(lib_a-errno.o)
 .ARM.attributes
                0x000005f9       0x34 c:/program files (x86)/atollic/truestudio for stm32 9.0.1/armtools/bin/../lib/gcc/arm-atollic-eabi/6.3.1/../../../../arm-atollic-eabi/lib/armv7e-m/fpu\libc.a(lib_a-impure.o)
 .ARM.attributes
                0x0000062d       0x34 c:/program files (x86)/atollic/truestudio for stm32 9.0.1/armtools/bin/../lib/gcc/arm-atollic-eabi/6.3.1/../../../../arm-atollic-eabi/lib/armv7e-m/fpu\libc.a(lib_a-init.o)
 .ARM.attributes
                0x00000661       0x34 c:/program files (x86)/atollic/truestudio for stm32 9.0.1/armtools/bin/../lib/gcc/arm-atollic-eabi/6.3.1/../../../../arm-atollic-eabi/lib/armv7e-m/fpu\libc.a(lib_a-memcpy-stub.o)
 .ARM.attributes
                0x00000695       0x34 c:/program files (x86)/atollic/truestudio for stm32 9.0.1/armtools/bin/../lib/gcc/arm-atollic-eabi/6.3.1/../../../../arm-atollic-eabi/lib/armv7e-m/fpu\libc.a(lib_a-memset.o)
 .ARM.attributes
                0x000006c9       0x34 c:/program files (x86)/atollic/truestudio for stm32 9.0.1/armtools/bin/../lib/gcc/arm-atollic-eabi/6.3.1/../../../../arm-atollic-eabi/lib/armv7e-m/fpu\libc.a(lib_a-snprintf.o)
 .ARM.attributes
                0x000006fd       0x34 c:/program files (x86)/atollic/truestudio for stm32 9.0.1/armtools/bin/../lib/gcc/arm-atollic-eabi/6.3.1/../../../../arm-atollic-eabi/lib/armv7e-m/fpu\libc.a(lib_a-strchr.o)
 .ARM.attributes
                0x00000731       0x1b c:/program files (x86)/atollic/truestudio for stm32 9.0.1/armtools/bin/../lib/gcc/arm-atollic-eabi/6.3.1/../../../../arm-atollic-eabi/lib/armv7e-m/fpu\libc.a(lib_a-strlen.o)
 .ARM.attributes
                0x0000074c       0x34 c:/program files (x86)/atollic/truestudio for stm32 9.0.1/armtools/bin/../lib/gcc/arm-atollic-eabi/6.3.1/../../../../arm-atollic-eabi/lib/armv7e-m/fpu\libc.a(lib_a-strncmp.o)
 .ARM.attributes
                0x00000780       0x34 c:/program files (x86)/atollic/truestudio for stm32 9.0.1/armtools/bin/../lib/gcc/arm-atollic-eabi/6.3.1/../../../../arm-atollic-eabi/lib/armv7e-m/fpu\libc.a(lib_a-strtod.o)
 .ARM.attributes
                0x000007b4       0x34 c:/program files (x86)/atollic/truestudio for stm32 9.0.1/armtools/bin/../lib/gcc/arm-atollic-eabi/6.3.1/../../../../arm-atollic-eabi/lib/armv7e-m/fpu\libc.a(lib_a-strtol.o)
 .ARM.attributes
                0x000007e8       0x34 c:/program files (x86)/atollic/truestudio for stm32 9.0.1/armtools/bin/../lib/gcc/arm-atollic-eabi/6.3.1/../../../../arm-atollic-eabi/lib/armv7e-m/fpu\libc.a(lib_a-svfprintf.o)
 .ARM.attributes
                0x0000081c       0x34 c:/program files (x86)/atollic/truestudio for stm32 9.0.1/armtools/bin/../lib/gcc/arm-atollic-eabi/6.3.1/../../../../arm-atollic-eabi/lib/armv7e-m/fpu\libc.a(lib_a-dtoa.o)
 .ARM.attributes
                0x00000850       0x34 c:/program files (x86)/atollic/truestudio for stm32 9.0.1/armtools/bin/../lib/gcc/arm-atollic-eabi/6.3.1/../../../../arm-atollic-eabi/lib/armv7e-m/fpu\libc.a(lib_a-gdtoa-gethex.o)
 .ARM.attributes
                0x00000884       0x34 c:/program files (x86)/atollic/truestudio for stm32 9.0.1/armtools/bin/../lib/gcc/arm-atollic-eabi/6.3.1/../../../../arm-atollic-eabi/lib/armv7e-m/fpu\libc.a(lib_a-gdtoa-hexnan.o)
 .ARM.attributes
                0x000008b8       0x34 c:/program files (x86)/atollic/truestudio for stm32 9.0.1/armtools/bin/../lib/gcc/arm-atollic-eabi/6.3.1/../../../../arm-atollic-eabi/lib/armv7e-m/fpu\libc.a(lib_a-locale.o)
 .ARM.attributes
                0x000008ec       0x34 c:/program files (x86)/atollic/truestudio for stm32 9.0.1/armtools/bin/../lib/gcc/arm-atollic-eabi/6.3.1/../../../../arm-atollic-eabi/lib/armv7e-m/fpu\libc.a(lib_a-localeconv.o)
 .ARM.attributes
                0x00000920       0x34 c:/program files (x86)/atollic/truestudio for stm32 9.0.1/armtools/bin/../lib/gcc/arm-atollic-eabi/6.3.1/../../../../arm-atollic-eabi/lib/armv7e-m/fpu\libc.a(lib_a-malloc.o)
 .ARM.attributes
                0x00000954       0x34 c:/program files (x86)/atollic/truestudio for stm32 9.0.1/armtools/bin/../lib/gcc/arm-atollic-eabi/6.3.1/../../../../arm-atollic-eabi/lib/armv7e-m/fpu\libc.a(lib_a-mallocr.o)
 .ARM.attributes
                0x00000988       0x34 c:/program files (x86)/atollic/truestudio for stm32 9.0.1/armtools/bin/../lib/gcc/arm-atollic-eabi/6.3.1/../../../../arm-atollic-eabi/lib/armv7e-m/fpu\libc.a(lib_a-mbtowc_r.o)
 .ARM.attributes
                0x000009bc       0x20 c:/program files (x86)/atollic/truestudio for stm32 9.0.1/armtools/bin/../lib/gcc/arm-atollic-eabi/6.3.1/../../../../arm-atollic-eabi/lib/armv7e-m/fpu\libc.a(lib_a-memchr.o)
 .ARM.attributes
                0x000009dc       0x34 c:/program files (x86)/atollic/truestudio for stm32 9.0.1/armtools/bin/../lib/gcc/arm-atollic-eabi/6.3.1/../../../../arm-atollic-eabi/lib/armv7e-m/fpu\libc.a(lib_a-mlock.o)
 .ARM.attributes
                0x00000a10       0x34 c:/program files (x86)/atollic/truestudio for stm32 9.0.1/armtools/bin/../lib/gcc/arm-atollic-eabi/6.3.1/../../../../arm-atollic-eabi/lib/armv7e-m/fpu\libc.a(lib_a-mprec.o)
 .ARM.attributes
                0x00000a44       0x34 c:/program files (x86)/atollic/truestudio for stm32 9.0.1/armtools/bin/../lib/gcc/arm-atollic-eabi/6.3.1/../../../../arm-atollic-eabi/lib/armv7e-m/fpu\libc.a(lib_a-sbrkr.o)
 .ARM.attributes
                0x00000a78       0x34 c:/program files (x86)/atollic/truestudio for stm32 9.0.1/armtools/bin/../lib/gcc/arm-atollic-eabi/6.3.1/../../../../arm-atollic-eabi/lib/armv7e-m/fpu\libc.a(lib_a-svfiprintf.o)
 .ARM.attributes
                0x00000aac       0x34 c:/program files (x86)/atollic/truestudio for stm32 9.0.1/armtools/bin/../lib/gcc/arm-atollic-eabi/6.3.1/../../../../arm-atollic-eabi/lib/armv7e-m/fpu\libc.a(lib_a-wctomb_r.o)
 .ARM.attributes
                0x00000ae0       0x34 c:/program files (x86)/atollic/truestudio for stm32 9.0.1/armtools/bin/../lib/gcc/arm-atollic-eabi/6.3.1/../../../../arm-atollic-eabi/lib/armv7e-m/fpu\libc.a(lib_a-callocr.o)
 .ARM.attributes
                0x00000b14       0x34 c:/program files (x86)/atollic/truestudio for stm32 9.0.1/armtools/bin/../lib/gcc/arm-atollic-eabi/6.3.1/../../../../arm-atollic-eabi/lib/armv7e-m/fpu\libc.a(lib_a-ctype_.o)
 .ARM.attributes
                0x00000b48       0x34 c:/program files (x86)/atollic/truestudio for stm32 9.0.1/armtools/bin/../lib/gcc/arm-atollic-eabi/6.3.1/../../../../arm-atollic-eabi/lib/armv7e-m/fpu\libc.a(lib_a-freer.o)
 .ARM.attributes
                0x00000b7c       0x34 c:/program files (x86)/atollic/truestudio for stm32 9.0.1/armtools/bin/../lib/gcc/arm-atollic-eabi/6.3.1/../../../../arm-atollic-eabi/lib/armv7e-m/fpu\libc.a(lib_a-lock.o)
 .ARM.attributes
                0x00000bb0       0x34 c:/program files (x86)/atollic/truestudio for stm32 9.0.1/armtools/bin/../lib/gcc/arm-atollic-eabi/6.3.1/../../../../arm-atollic-eabi/lib/armv7e-m/fpu\libc.a(lib_a-memmove.o)
 .ARM.attributes
                0x00000be4       0x34 c:/program files (x86)/atollic/truestudio for stm32 9.0.1/armtools/bin/../lib/gcc/arm-atollic-eabi/6.3.1/../../../../arm-atollic-eabi/lib/armv7e-m/fpu\libc.a(lib_a-reallocr.o)
 .ARM.attributes
                0x00000c18       0x34 c:/program files (x86)/atollic/truestudio for stm32 9.0.1/armtools/bin/../lib/gcc/arm-atollic-eabi/6.3.1/../../../../arm-atollic-eabi/lib/armv7e-m/fpu\libc.a(lib_a-reent.o)
 .ARM.attributes
                0x00000c4c       0x22 c:/program files (x86)/atollic/truestudio for stm32 9.0.1/armtools/bin/../lib/gcc/arm-atollic-eabi/6.3.1/armv7e-m/fpu\libgcc.a(_arm_addsubdf3.o)
 .ARM.attributes
                0x00000c6e       0x22 c:/program files (x86)/atollic/truestudio for stm32 9.0.1/armtools/bin/../lib/gcc/arm-atollic-eabi/6.3.1/armv7e-m/fpu\libgcc.a(_arm_muldivdf3.o)
 .ARM.attributes
                0x00000c90       0x22 c:/program files (x86)/atollic/truestudio for stm32 9.0.1/armtools/bin/../lib/gcc/arm-atollic-eabi/6.3.1/armv7e-m/fpu\libgcc.a(_arm_cmpdf2.o)
 .ARM.attributes
                0x00000cb2       0x22 c:/program files (x86)/atollic/truestudio for stm32 9.0.1/armtools/bin/../lib/gcc/arm-atollic-eabi/6.3.1/armv7e-m/fpu\libgcc.a(_arm_unorddf2.o)
 .ARM.attributes
                0x00000cd4       0x22 c:/program files (x86)/atollic/truestudio for stm32 9.0.1/armtools/bin/../lib/gcc/arm-atollic-eabi/6.3.1/armv7e-m/fpu\libgcc.a(_arm_fixdfsi.o)
 .ARM.attributes
                0x00000cf6       0x22 c:/program files (x86)/atollic/truestudio for stm32 9.0.1/armtools/bin/../lib/gcc/arm-atollic-eabi/6.3.1/armv7e-m/fpu\libgcc.a(_arm_fixunsdfsi.o)
 .ARM.attributes
                0x00000d18       0x22 c:/program files (x86)/atollic/truestudio for stm32 9.0.1/armtools/bin/../lib/gcc/arm-atollic-eabi/6.3.1/armv7e-m/fpu\libgcc.a(_arm_truncdfsf2.o)
 .ARM.attributes
                0x00000d3a       0x22 c:/program files (x86)/atollic/truestudio for stm32 9.0.1/armtools/bin/../lib/gcc/arm-atollic-eabi/6.3.1/armv7e-m/fpu\libgcc.a(_aeabi_uldivmod.o)
 .ARM.attributes
                0x00000d5c       0x34 c:/program files (x86)/atollic/truestudio for stm32 9.0.1/armtools/bin/../lib/gcc/arm-atollic-eabi/6.3.1/armv7e-m/fpu\libgcc.a(_udivmoddi4.o)
 .ARM.attributes
                0x00000d90       0x22 c:/program files (x86)/atollic/truestudio for stm32 9.0.1/armtools/bin/../lib/gcc/arm-atollic-eabi/6.3.1/armv7e-m/fpu\libgcc.a(_dvmd_tls.o)
 .ARM.attributes
                0x00000db2       0x22 c:/program files (x86)/atollic/truestudio for stm32 9.0.1/armtools/bin/../lib/gcc/arm-atollic-eabi/6.3.1/armv7e-m/fpu/crtn.o
OUTPUT(edesign_2019_20795629.elf elf32-littlearm)

.debug_info     0x00000000    0x2a06d
 .debug_info    0x00000000     0x106d Drivers\STM32F3xx_HAL_Driver\Src\stm32f3xx_hal.o
 .debug_info    0x0000106d     0x22e0 Drivers\STM32F3xx_HAL_Driver\Src\stm32f3xx_hal_adc_ex.o
 .debug_info    0x0000334d     0x1501 Drivers\STM32F3xx_HAL_Driver\Src\stm32f3xx_hal_cortex.o
 .debug_info    0x0000484e     0x10ad Drivers\STM32F3xx_HAL_Driver\Src\stm32f3xx_hal_dma.o
 .debug_info    0x000058fb     0x1005 Drivers\STM32F3xx_HAL_Driver\Src\stm32f3xx_hal_gpio.o
 .debug_info    0x00006900     0x397e Drivers\STM32F3xx_HAL_Driver\Src\stm32f3xx_hal_i2c.o
 .debug_info    0x0000a27e     0x11bb Drivers\STM32F3xx_HAL_Driver\Src\stm32f3xx_hal_i2c_ex.o
 .debug_info    0x0000b439     0x1be0 Drivers\STM32F3xx_HAL_Driver\Src\stm32f3xx_hal_rcc.o
 .debug_info    0x0000d019      0xead Drivers\STM32F3xx_HAL_Driver\Src\stm32f3xx_hal_rcc_ex.o
 .debug_info    0x0000dec6     0x3d7d Drivers\STM32F3xx_HAL_Driver\Src\stm32f3xx_hal_tim.o
 .debug_info    0x00011c43     0x1db0 Drivers\STM32F3xx_HAL_Driver\Src\stm32f3xx_hal_tim_ex.o
 .debug_info    0x000139f3     0x228e Drivers\STM32F3xx_HAL_Driver\Src\stm32f3xx_hal_uart.o
 .debug_info    0x00015c81     0x11a7 Drivers\STM32F3xx_HAL_Driver\Src\stm32f3xx_hal_uart_ex.o
 .debug_info    0x00016e28     0x1942 Src\bme280.o
 .debug_info    0x0001876a     0x3646 Src\functions.o
 .debug_info    0x0001bdb0     0x4b89 Src\lis2dh12_reg.o
 .debug_info    0x00020939     0x2c6d Src\main.o
 .debug_info    0x000235a6     0x1fa5 Src\stm32f3xx_hal_msp.o
 .debug_info    0x0002554b     0x19d3 Src\stm32f3xx_it.o
 .debug_info    0x00026f1e      0xffa Src\syscalls.o
 .debug_info    0x00027f18      0xc8d Src\system_stm32f3xx.o
 .debug_info    0x00028ba5     0x1450 Src\variables.o
 .debug_info    0x00029ff5       0x78 startup\startup_stm32f334x8.o

.debug_abbrev   0x00000000     0x4097
 .debug_abbrev  0x00000000      0x2f5 Drivers\STM32F3xx_HAL_Driver\Src\stm32f3xx_hal.o
 .debug_abbrev  0x000002f5      0x359 Drivers\STM32F3xx_HAL_Driver\Src\stm32f3xx_hal_adc_ex.o
 .debug_abbrev  0x0000064e      0x374 Drivers\STM32F3xx_HAL_Driver\Src\stm32f3xx_hal_cortex.o
 .debug_abbrev  0x000009c2      0x2ad Drivers\STM32F3xx_HAL_Driver\Src\stm32f3xx_hal_dma.o
 .debug_abbrev  0x00000c6f      0x268 Drivers\STM32F3xx_HAL_Driver\Src\stm32f3xx_hal_gpio.o
 .debug_abbrev  0x00000ed7      0x3b8 Drivers\STM32F3xx_HAL_Driver\Src\stm32f3xx_hal_i2c.o
 .debug_abbrev  0x0000128f      0x218 Drivers\STM32F3xx_HAL_Driver\Src\stm32f3xx_hal_i2c_ex.o
 .debug_abbrev  0x000014a7      0x358 Drivers\STM32F3xx_HAL_Driver\Src\stm32f3xx_hal_rcc.o
 .debug_abbrev  0x000017ff      0x318 Drivers\STM32F3xx_HAL_Driver\Src\stm32f3xx_hal_rcc_ex.o
 .debug_abbrev  0x00001b17      0x3ab Drivers\STM32F3xx_HAL_Driver\Src\stm32f3xx_hal_tim.o
 .debug_abbrev  0x00001ec2      0x30d Drivers\STM32F3xx_HAL_Driver\Src\stm32f3xx_hal_tim_ex.o
 .debug_abbrev  0x000021cf      0x384 Drivers\STM32F3xx_HAL_Driver\Src\stm32f3xx_hal_uart.o
 .debug_abbrev  0x00002553      0x279 Drivers\STM32F3xx_HAL_Driver\Src\stm32f3xx_hal_uart_ex.o
 .debug_abbrev  0x000027cc      0x295 Src\bme280.o
 .debug_abbrev  0x00002a61      0x40a Src\functions.o
 .debug_abbrev  0x00002e6b      0x33b Src\lis2dh12_reg.o
 .debug_abbrev  0x000031a6      0x32d Src\main.o
 .debug_abbrev  0x000034d3      0x29a Src\stm32f3xx_hal_msp.o
 .debug_abbrev  0x0000376d      0x284 Src\stm32f3xx_it.o
 .debug_abbrev  0x000039f1      0x2d9 Src\syscalls.o
 .debug_abbrev  0x00003cca      0x1e2 Src\system_stm32f3xx.o
 .debug_abbrev  0x00003eac      0x1d9 Src\variables.o
 .debug_abbrev  0x00004085       0x12 startup\startup_stm32f334x8.o

.debug_loc      0x00000000     0xfecb
 .debug_loc     0x00000000      0x11b Drivers\STM32F3xx_HAL_Driver\Src\stm32f3xx_hal.o
 .debug_loc     0x0000011b     0x1842 Drivers\STM32F3xx_HAL_Driver\Src\stm32f3xx_hal_adc_ex.o
 .debug_loc     0x0000195d      0x4da Drivers\STM32F3xx_HAL_Driver\Src\stm32f3xx_hal_cortex.o
 .debug_loc     0x00001e37      0x5de Drivers\STM32F3xx_HAL_Driver\Src\stm32f3xx_hal_dma.o
 .debug_loc     0x00002415      0x2ba Drivers\STM32F3xx_HAL_Driver\Src\stm32f3xx_hal_gpio.o
 .debug_loc     0x000026cf     0x30e5 Drivers\STM32F3xx_HAL_Driver\Src\stm32f3xx_hal_i2c.o
 .debug_loc     0x000057b4      0x1b8 Drivers\STM32F3xx_HAL_Driver\Src\stm32f3xx_hal_i2c_ex.o
 .debug_loc     0x0000596c      0x8ea Drivers\STM32F3xx_HAL_Driver\Src\stm32f3xx_hal_rcc.o
 .debug_loc     0x00006256      0x42c Drivers\STM32F3xx_HAL_Driver\Src\stm32f3xx_hal_rcc_ex.o
 .debug_loc     0x00006682     0x31ea Drivers\STM32F3xx_HAL_Driver\Src\stm32f3xx_hal_tim.o
 .debug_loc     0x0000986c      0xe98 Drivers\STM32F3xx_HAL_Driver\Src\stm32f3xx_hal_tim_ex.o
 .debug_loc     0x0000a704     0x146f Drivers\STM32F3xx_HAL_Driver\Src\stm32f3xx_hal_uart.o
 .debug_loc     0x0000bb73      0x2fd Drivers\STM32F3xx_HAL_Driver\Src\stm32f3xx_hal_uart_ex.o
 .debug_loc     0x0000be70     0x17f7 Src\bme280.o
 .debug_loc     0x0000d667      0x45e Src\functions.o
 .debug_loc     0x0000dac5     0x1d9e Src\lis2dh12_reg.o
 .debug_loc     0x0000f863      0x184 Src\stm32f3xx_hal_msp.o
 .debug_loc     0x0000f9e7       0x13 Src\stm32f3xx_it.o
 .debug_loc     0x0000f9fa      0x3ef Src\syscalls.o
 .debug_loc     0x0000fde9       0xe2 Src\system_stm32f3xx.o

.debug_aranges  0x00000000     0x1300
 .debug_aranges
                0x00000000       0xd8 Drivers\STM32F3xx_HAL_Driver\Src\stm32f3xx_hal.o
 .debug_aranges
                0x000000d8      0x150 Drivers\STM32F3xx_HAL_Driver\Src\stm32f3xx_hal_adc_ex.o
 .debug_aranges
                0x00000228       0x90 Drivers\STM32F3xx_HAL_Driver\Src\stm32f3xx_hal_cortex.o
 .debug_aranges
                0x000002b8       0x78 Drivers\STM32F3xx_HAL_Driver\Src\stm32f3xx_hal_dma.o
 .debug_aranges
                0x00000330       0x58 Drivers\STM32F3xx_HAL_Driver\Src\stm32f3xx_hal_gpio.o
 .debug_aranges
                0x00000388      0x200 Drivers\STM32F3xx_HAL_Driver\Src\stm32f3xx_hal_i2c.o
 .debug_aranges
                0x00000588       0x48 Drivers\STM32F3xx_HAL_Driver\Src\stm32f3xx_hal_i2c_ex.o
 .debug_aranges
                0x000005d0       0x88 Drivers\STM32F3xx_HAL_Driver\Src\stm32f3xx_hal_rcc.o
 .debug_aranges
                0x00000658       0x38 Drivers\STM32F3xx_HAL_Driver\Src\stm32f3xx_hal_rcc_ex.o
 .debug_aranges
                0x00000690      0x268 Drivers\STM32F3xx_HAL_Driver\Src\stm32f3xx_hal_tim.o
 .debug_aranges
                0x000008f8      0x120 Drivers\STM32F3xx_HAL_Driver\Src\stm32f3xx_hal_tim_ex.o
 .debug_aranges
                0x00000a18      0x1a0 Drivers\STM32F3xx_HAL_Driver\Src\stm32f3xx_hal_uart.o
 .debug_aranges
                0x00000bb8       0x48 Drivers\STM32F3xx_HAL_Driver\Src\stm32f3xx_hal_uart_ex.o
 .debug_aranges
                0x00000c00       0x98 Src\bme280.o
 .debug_aranges
                0x00000c98       0xd0 Src\functions.o
 .debug_aranges
                0x00000d68      0x390 Src\lis2dh12_reg.o
 .debug_aranges
                0x000010f8       0x30 Src\main.o
 .debug_aranges
                0x00001128       0x60 Src\stm32f3xx_hal_msp.o
 .debug_aranges
                0x00001188       0x60 Src\stm32f3xx_it.o
 .debug_aranges
                0x000011e8       0xb0 Src\syscalls.o
 .debug_aranges
                0x00001298       0x28 Src\system_stm32f3xx.o
 .debug_aranges
                0x000012c0       0x18 Src\variables.o
 .debug_aranges
                0x000012d8       0x28 startup\startup_stm32f334x8.o

.debug_ranges   0x00000000     0x17d8
 .debug_ranges  0x00000000       0xc8 Drivers\STM32F3xx_HAL_Driver\Src\stm32f3xx_hal.o
 .debug_ranges  0x000000c8      0x140 Drivers\STM32F3xx_HAL_Driver\Src\stm32f3xx_hal_adc_ex.o
 .debug_ranges  0x00000208      0x120 Drivers\STM32F3xx_HAL_Driver\Src\stm32f3xx_hal_cortex.o
 .debug_ranges  0x00000328       0xd8 Drivers\STM32F3xx_HAL_Driver\Src\stm32f3xx_hal_dma.o
 .debug_ranges  0x00000400       0x68 Drivers\STM32F3xx_HAL_Driver\Src\stm32f3xx_hal_gpio.o
 .debug_ranges  0x00000468      0x268 Drivers\STM32F3xx_HAL_Driver\Src\stm32f3xx_hal_i2c.o
 .debug_ranges  0x000006d0       0x68 Drivers\STM32F3xx_HAL_Driver\Src\stm32f3xx_hal_i2c_ex.o
 .debug_ranges  0x00000738      0x1d8 Drivers\STM32F3xx_HAL_Driver\Src\stm32f3xx_hal_rcc.o
 .debug_ranges  0x00000910       0x78 Drivers\STM32F3xx_HAL_Driver\Src\stm32f3xx_hal_rcc_ex.o
 .debug_ranges  0x00000988      0x348 Drivers\STM32F3xx_HAL_Driver\Src\stm32f3xx_hal_tim.o
 .debug_ranges  0x00000cd0      0x110 Drivers\STM32F3xx_HAL_Driver\Src\stm32f3xx_hal_tim_ex.o
 .debug_ranges  0x00000de0      0x190 Drivers\STM32F3xx_HAL_Driver\Src\stm32f3xx_hal_uart.o
 .debug_ranges  0x00000f70       0x38 Drivers\STM32F3xx_HAL_Driver\Src\stm32f3xx_hal_uart_ex.o
 .debug_ranges  0x00000fa8       0xd0 Src\bme280.o
 .debug_ranges  0x00001078       0xe8 Src\functions.o
 .debug_ranges  0x00001160      0x380 Src\lis2dh12_reg.o
 .debug_ranges  0x000014e0       0xd8 Src\main.o
 .debug_ranges  0x000015b8       0xf8 Src\stm32f3xx_hal_msp.o
 .debug_ranges  0x000016b0       0x50 Src\stm32f3xx_it.o
 .debug_ranges  0x00001700       0xa0 Src\syscalls.o
 .debug_ranges  0x000017a0       0x18 Src\system_stm32f3xx.o
 .debug_ranges  0x000017b8       0x20 startup\startup_stm32f334x8.o

.debug_line     0x00000000     0xa72f
 .debug_line    0x00000000      0x47d Drivers\STM32F3xx_HAL_Driver\Src\stm32f3xx_hal.o
 .debug_line    0x0000047d     0x1071 Drivers\STM32F3xx_HAL_Driver\Src\stm32f3xx_hal_adc_ex.o
 .debug_line    0x000014ee      0x45d Drivers\STM32F3xx_HAL_Driver\Src\stm32f3xx_hal_cortex.o
 .debug_line    0x0000194b      0x57e Drivers\STM32F3xx_HAL_Driver\Src\stm32f3xx_hal_dma.o
 .debug_line    0x00001ec9      0x46c Drivers\STM32F3xx_HAL_Driver\Src\stm32f3xx_hal_gpio.o
 .debug_line    0x00002335     0x15c0 Drivers\STM32F3xx_HAL_Driver\Src\stm32f3xx_hal_i2c.o
 .debug_line    0x000038f5      0x404 Drivers\STM32F3xx_HAL_Driver\Src\stm32f3xx_hal_i2c_ex.o
 .debug_line    0x00003cf9      0x871 Drivers\STM32F3xx_HAL_Driver\Src\stm32f3xx_hal_rcc.o
 .debug_line    0x0000456a      0x4ac Drivers\STM32F3xx_HAL_Driver\Src\stm32f3xx_hal_rcc_ex.o
 .debug_line    0x00004a16     0x11ee Drivers\STM32F3xx_HAL_Driver\Src\stm32f3xx_hal_tim.o
 .debug_line    0x00005c04      0x910 Drivers\STM32F3xx_HAL_Driver\Src\stm32f3xx_hal_tim_ex.o
 .debug_line    0x00006514      0xd12 Drivers\STM32F3xx_HAL_Driver\Src\stm32f3xx_hal_uart.o
 .debug_line    0x00007226      0x3ef Drivers\STM32F3xx_HAL_Driver\Src\stm32f3xx_hal_uart_ex.o
 .debug_line    0x00007615      0x44c Src\bme280.o
 .debug_line    0x00007a61      0x8f0 Src\functions.o