functions.c:840:6:user_delay_ms	0	static
functions.c:845:8:user_i2c_read	24	static
functions.c:914:9:platform_read	24	static
functions.c:852:8:user_i2c_write	24	static
functions.c:921:9:platform_write	24	static
functions.c:17:6:uart_transmit	96	static
functions.c:151:6:check_burn	16	static
functions.c:170:6:burn_down	16	static
functions.c:188:6:checksum_generator	0	static
functions.c:31:6:uart_receive	56	static
functions.c:197:6:read_adc	32	static
functions.c:218:6:calc_avg	32	static
functions.c:764:6:lcd_write	16	static
functions.c:237:6:init_lcd	16	static
functions.c:474:6:lcd_clear	16	static
functions.c:493:6:increment_address	16	static
functions.c:512:6:lcd_print_char	16	static
functions.c:398:6:lcd_process_state	56	static
functions.c:375:6:lcd_run_process	16	static
functions.c:778:6:init_temp_sensor	16	static
functions.c:806:6:receive_temp_data	16	static
functions.c:859:6:init_accel_sensor	8	static
functions.c:871:6:receive_accel_data	24	static
